   Γû▓ Next.js 15.5.14
   - Environments: .env
   - Experiments (use with caution):
     ┬╖ serverActions
     ┬╖ clientTraceMetadata

   Creating an optimized production build ...
node.exe : [@sentry/nextjs] Could not find `onRequestError` hook in 
instrumentation file. This indicates outdated configuration of the 
Sentry SDK. Use `Sentry.captureRequestError` to instrument the 
`onRequestError` hook: https://docs.sentry.io/platforms/javascript/gu
ides/nextjs/manual-setup/#errors-from-nested-react-server-components
At line:1 char:1
+ & "C:\Program Files\nodejs/node.exe" "C:\Program 
Files\nodejs/node_mo ...
+ 
~~~~~~~~~~~~~~~~~~~~~~~~~~~~~~~~~~~~~~~~~~~~~~~~~~~~~~~~~~~~~~~~~~~~~
    + CategoryInfo          : NotSpecified: ([@sentry/nextjs...rver- 
   components:String) [], RemoteException
    + FullyQualifiedErrorId : NativeCommandError
 
 ΓÜá Compiled with warnings in 47s

./node_modules/@huggingface/transformers/dist/transformers.web.js
Critical dependency: Accessing import.meta directly is unsupported 
(only property access or destructuring is supported)

Import trace for requested module:
./node_modules/@huggingface/transformers/dist/transformers.web.js
./src/lib/subtitle-translator.ts
./src/components/WatchPlayer.tsx

   Linting and checking validity of types ...
(node:21716) ESLintIgnoreWarning: The ".eslintignore" file is no 
longer supported. Switch to using the "ignores" property in 
"eslint.config.js": https://eslint.org/docs/latest/use/configure/migr
ation-guide#ignore-files
(Use `node --trace-warnings ...` to show where the warning was 
created)

./src/app/admin/analytics/page.tsx
4:52  Warning: 'useMemo' is defined but never used.  @typescript-eslint/no-unused-vars
6:85  Warning: 'ActivityItem' is defined but never used.  @typescript-eslint/no-unused-vars
12:29  Warning: Error: Calling setState synchronously within an effect can trigger cascading renders

Effects are intended to synchronize state between React and external systems such as manually updating the DOM, state management libraries, or other platform APIs. In general, the body of an effect should do one or both of the following:
* Update external systems with the latest state from React.
* Subscribe for updates from some external system, calling setState in a callback function when external state changes.

Calling setState synchronously within an effect body causes cascading renders that can hurt performance, and is not recommended. (https://react.dev/learn/you-might-not-need-an-effect).

C:\Users\mxz\Desktop\my website\aim-platform\src\app\admin\analytics\page.tsx:12:29
  10 |     const [count, setCount] = useState(0)
  11 |     useEffect(() => {
> 12 |         if (target === 0) { setCount(0); return }
     |                             ^^^^^^^^ Avoid calling setState() directly within an effect
  13 |         let start = 0
  14 |         const startTime = performance.now()
  15 |         const step = (now: number) => {  react-hooks/set-state-in-effect
573:50  Warning: 'i' is defined but never used.  @typescript-eslint/no-unused-vars
899:61  Warning: Using `<img>` could result in slower LCP and higher bandwidth. Consider using `<Image />` from `next/image` or a custom image loader to automatically optimize images. This may incur additional usage or cost from your provider. See: https://nextjs.org/docs/messages/no-img-element  @next/next/no-img-element
1301:10  Warning: 'FunnelBar' is defined but never used.  @typescript-eslint/no-unused-vars

./src/app/admin/applications/page.tsx
136:13  Warning: Expected an assignment or function call and instead saw an expression.  @typescript-eslint/no-unused-expressions

./src/app/admin/donations/page.tsx
42:23  Warning: Error: Calling setState synchronously within an effect can trigger cascading renders

Effects are intended to synchronize state between React and external systems such as manually updating the DOM, state management libraries, or other platform APIs. In general, the body of an effect should do one or both of the following:
* Update external systems with the latest state from React.
* Subscribe for updates from some external system, calling setState in a callback function when external state changes.

Calling setState synchronously within an effect body causes cascading renders that can hurt performance, and is not recommended. (https://react.dev/learn/you-might-not-need-an-effect).

C:\Users\mxz\Desktop\my website\aim-platform\src\app\admin\donations\page.tsx:42:23
  40 |     }, [search, status, sort])
  41 |
> 42 |     useEffect(() => { fetchDonations(1) }, [fetchDonations])
     |                       ^^^^^^^^^^^^^^ Avoid calling setState() directly within an effect
  43 |
  44 |     const handleSearch = (val: string) => {
  45 |         setSearch(val)  react-hooks/set-state-in-effect

./src/app/admin/loading.tsx
20:40  Warning: Error: Cannot call impure function during render

`Math.random` is an impure function. Calling an impure function can produce unstable results that update unpredictably when the component happens to re-render. (https://react.dev/reference/rules/components-and-hooks-must-be-pure#components-and-hooks-must-be-idempotent).

C:\Users\mxz\Desktop\my website\aim-platform\src\app\admin\loading.tsx:20:40
  18 |                 {Array.from({ length: 8 }).map((_, i) => (
  19 |                     <div key={i} style={{
> 20 |                         width: `${60 + Math.random() * 40}%`, height: '14px', borderRadius: '4px',
     |                                        ^^^^^^^^^^^^^ Cannot call impure function
  21 |                         background: i === 0 ? 'rgba(212,168,83,0.15)' : 'rgba(255,255,255,0.03)',
  22 |                     }} />
  23 |                 ))}  react-hooks/purity

./src/app/admin/media/page.tsx
94:23  Warning: Error: Calling setState synchronously within an effect can trigger cascading renders

Effects are intended to synchronize state between React and external systems such as manually updating the DOM, state management libraries, or other platform APIs. In general, the body of an effect should do one or both of the following:
* Update external systems with the latest state from React.
* Subscribe for updates from some external system, calling setState in a callback function when external state changes.

Calling setState synchronously within an effect body causes cascading renders that can hurt performance, and is not recommended. (https://react.dev/learn/you-might-not-need-an-effect).

C:\Users\mxz\Desktop\my website\aim-platform\src\app\admin\media\page.tsx:94:23
  92 |     }
  93 |
> 94 |     useEffect(() => { fetchMedia() }, [fetchMedia])
     |                       ^^^^^^^^^^ Avoid calling setState() directly within an effect
  95 |     useEffect(() => { fetchHeroVideos() }, [])
  96 |
  97 |     // ΓöÇΓöÇΓöÇ Page Media handlers ΓöÇΓöÇΓöÇ  react-hooks/set-state-in-effect
95:23  Warning: Error: Calling setState synchronously within an effect can trigger cascading renders

Effects are intended to synchronize state between React and external systems such as manually updating the DOM, state management libraries, or other platform APIs. In general, the body of an effect should do one or both of the following:
* Update external systems with the latest state from React.
* Subscribe for updates from some external system, calling setState in a callback function when external state changes.

Calling setState synchronously within an effect body causes cascading renders that can hurt performance, and is not recommended. (https://react.dev/learn/you-might-not-need-an-effect).

C:\Users\mxz\Desktop\my website\aim-platform\src\app\admin\media\page.tsx:95:23
  93 |
  94 |     useEffect(() => { fetchMedia() }, [fetchMedia])
> 95 |     useEffect(() => { fetchHeroVideos() }, [])
     |                       ^^^^^^^^^^^^^^^ Avoid calling setState() directly within an effect
  96 |
  97 |     // ΓöÇΓöÇΓöÇ Page Media handlers ΓöÇΓöÇΓöÇ
  98 |     const resetForm = () => {  react-hooks/set-state-in-effect
281:11  Warning: 'getPageLabel' is assigned a value but never used.  @typescript-eslint/no-unused-vars
439:45  Warning: Using `<img>` could result in slower LCP and higher bandwidth. Consider using `<Image />` from `next/image` or a custom image loader to automatically optimize images. This may incur additional usage or cost from your provider. See: https://nextjs.org/docs/messages/no-img-element  @next/next/no-img-element
490:45  Warning: Using `<img>` could result in slower LCP and higher bandwidth. Consider using `<Image />` from `next/image` or a custom image loader to automatically optimize images. This may incur additional usage or cost from your provider. See: https://nextjs.org/docs/messages/no-img-element  @next/next/no-img-element

./src/app/admin/projects/page.tsx
7:35  Warning: 'LANGUAGE_NAMES' is defined but never used.  @typescript-eslint/no-unused-vars
355:70  Warning: 'err' is defined but never used.  @typescript-eslint/no-unused-vars

./src/app/admin/scripts/page.tsx
308:109  Warning: Error: Cannot call impure function during render

`Date.now` is an impure function. Calling an impure function can produce unstable results that update unpredictably when the component happens to re-render. (https://react.dev/reference/rules/components-and-hooks-must-be-pure#components-and-hooks-must-be-idempotent).

C:\Users\mxz\Desktop\my website\aim-platform\src\app\admin\scripts\page.tsx:308:109
  306 |                         {filtered.map(call => {
  307 |                             const meta = STATUS_META[call.status] || STATUS_META.draft
> 308 |                             const daysLeft = call.deadline ? Math.ceil((new Date(call.deadline).getTime() - Date.now()) / 86400000) : null
      |                                                                                                             ^^^^^^^^^^ Cannot call impure function
  309 |
  310 |                             return (
  311 |                                 <div key={call.id} style={{  react-hooks/purity

./src/app/admin/settings/page.tsx
952:66  Warning: Using `<img>` could result in slower LCP and higher bandwidth. Consider using `<Image />` from `next/image` or a custom image loader to automatically optimize images. This may incur additional usage or cost from your provider. See: https://nextjs.org/docs/messages/no-img-element  @next/next/no-img-element
985:55  Warning: Using `<img>` could result in slower LCP and higher bandwidth. Consider using `<Image />` from `next/image` or a custom image loader to automatically optimize images. This may incur additional usage or cost from your provider. See: https://nextjs.org/docs/messages/no-img-element  @next/next/no-img-element
1991:65  Warning: `"` can be escaped with `&quot;`, `&ldquo;`, `&#34;`, `&rdquo;`.  react/no-unescaped-entities
1991:95  Warning: `"` can be escaped with `&quot;`, `&ldquo;`, `&#34;`, `&rdquo;`.  react/no-unescaped-entities

./src/app/admin/sponsors/page.tsx
187:59  Warning: Error: Cannot call impure function during render

`Date.now` is an impure function. Calling an impure function can produce unstable results that update unpredictably when the component happens to re-render. (https://react.dev/reference/rules/components-and-hooks-must-be-pure#components-and-hooks-must-be-idempotent).

C:\Users\mxz\Desktop\my website\aim-platform\src\app\admin\sponsors\page.tsx:187:59
  185 |     const daysLeft = (s: Sponsor) => {
  186 |         if (!s.endDate) return null
> 187 |         return Math.ceil((new Date(s.endDate).getTime() - Date.now()) / 86400000)
      |                                                           ^^^^^^^^^^ Cannot call impure function
  188 |     }
  189 |
  190 |     // Shared dark input style  react-hooks/purity

./src/app/admin/training/page.tsx
43:7  Warning: 'CONTENT_TYPES' is assigned a value but never used.  @typescript-eslint/no-unused-vars
69:7  Warning: 'emptyModule' is assigned a value but never used.  @typescript-eslint/no-unused-vars
77:12  Warning: 'error' is assigned a value but never used.  @typescript-eslint/no-unused-vars
80:23  Warning: Error: Cannot access variable before it is declared

`loadCourses` is accessed before it is declared, which prevents the earlier access from updating when this value changes over time.

C:\Users\mxz\Desktop\my website\aim-platform\src\app\admin\training\page.tsx:80:23
  78 |     const [filter, setFilter] = useState('all')
  79 |
> 80 |     useEffect(() => { loadCourses() }, [])
     |                       ^^^^^^^^^^^ `loadCourses` accessed before it is declared
  81 |
  82 |     const loadCourses = () => {
  83 |         setLoading(true)

C:\Users\mxz\Desktop\my website\aim-platform\src\app\admin\training\page.tsx:82:5
  80 |     useEffect(() => { loadCourses() }, [])
  81 |
> 82 |     const loadCourses = () => {
     |     ^^^^^^^^^^^^^^^^^^^^^^^^^^^
> 83 |         setLoading(true)
     | ^^^^^^^^^^^^^^^^^^^^^^^^
> 84 |         fetch('/api/admin/training')
     | ^^^^^^^^^^^^^^^^^^^^^^^^
> 85 |             .then(r => { if (r.status === 401) { window.location.href = '/admin/login'; return [] } return r.json() })
     | ^^^^^^^^^^^^^^^^^^^^^^^^
> 86 |             .then(data => setCourses(data))
     | ^^^^^^^^^^^^^^^^^^^^^^^^
> 87 |             .catch(() => setError('Failed to load courses'))
     | ^^^^^^^^^^^^^^^^^^^^^^^^
> 88 |             .finally(() => setLoading(false))
     | ^^^^^^^^^^^^^^^^^^^^^^^^
> 89 |     }
     | ^^^^^^ `loadCourses` is declared here
  90 |
  91 |     const handleDelete = async (id: string) => {
  92 |         if (!confirm('Delete this course and all its modules/lessons? This cannot be undone.')) return  react-hooks/immutability

./src/app/admin/training/[id]/edit/page.tsx
28:6  Warning: 'Course' is defined but never used.  @typescript-eslint/no-unused-vars
152:124  Warning: Unexpected any. Specify a different type.  @typescript-eslint/no-explicit-any
165:73  Warning: Unexpected any. Specify a different type.  @typescript-eslint/no-explicit-any
322:73  Warning: 'contentType' is defined but never used.  @typescript-eslint/no-unused-vars
592:105  Warning: Unexpected any. Specify a different type.  @typescript-eslint/no-explicit-any
596:88  Warning: Unexpected any. Specify a different type.  @typescript-eslint/no-explicit-any
617:105  Warning: Unexpected any. Specify a different type.  @typescript-eslint/no-explicit-any
892:91  Warning: Unexpected any. Specify a different type.  @typescript-eslint/no-explicit-any
961:62  Warning: Unexpected any. Specify a different type.  @typescript-eslint/no-explicit-any
991:34  Warning: Unexpected any. Specify a different type.  @typescript-eslint/no-explicit-any
998:71  Warning: Unexpected any. Specify a different type.  @typescript-eslint/no-explicit-any
1229:37  Warning: Unexpected any. Specify a different type.  @typescript-eslint/no-explicit-any
1236:74  Warning: Unexpected any. Specify a different type.  @typescript-eslint/no-explicit-any
1470:62  Warning: Unexpected any. Specify a different type.  @typescript-eslint/no-explicit-any
1516:78  Warning: Unexpected any. Specify a different type.  @typescript-eslint/no-explicit-any

./src/app/admin/users/page.tsx
50:23  Warning: Error: Calling setState synchronously within an effect can trigger cascading renders

Effects are intended to synchronize state between React and external systems such as manually updating the DOM, state management libraries, or other platform APIs. In general, the body of an effect should do one or both of the following:
* Update external systems with the latest state from React.
* Subscribe for updates from some external system, calling setState in a callback function when external state changes.

Calling setState synchronously within an effect body causes cascading renders that can hurt performance, and is not recommended. (https://react.dev/learn/you-might-not-need-an-effect).

C:\Users\mxz\Desktop\my website\aim-platform\src\app\admin\users\page.tsx:50:23
  48 |     }, [search, role, sort])
  49 |
> 50 |     useEffect(() => { fetchUsers(1) }, [fetchUsers])
     |                       ^^^^^^^^^^ Avoid calling setState() directly within an effect
  51 |
  52 |     const handleSearch = (val: string) => {
  53 |         setSearch(val)  react-hooks/set-state-in-effect
61:13  Warning: Expected an assignment or function call and instead saw an expression.  @typescript-eslint/no-unused-expressions

./src/app/api/admin/applications/batch-audit/route.ts
153:30  Warning: Unexpected any. Specify a different type.  @typescript-eslint/no-explicit-any

./src/app/api/admin/applications/[id]/audit/route.ts
98:18  Warning: Unexpected any. Specify a different type.  @typescript-eslint/no-explicit-any

./src/app/api/admin/casting/[id]/route.ts
38:92  Warning: Unexpected any. Specify a different type.  @typescript-eslint/no-explicit-any

./src/app/api/admin/email-preview/route.ts
87:67  Warning: Unexpected any. Specify a different type.  @typescript-eslint/no-explicit-any

./src/app/api/admin/email-templates/route.ts
31:43  Warning: Unexpected any. Specify a different type.  @typescript-eslint/no-explicit-any
46:30  Warning: Unexpected any. Specify a different type.  @typescript-eslint/no-explicit-any
51:30  Warning: Unexpected any. Specify a different type.  @typescript-eslint/no-explicit-any
73:43  Warning: Unexpected any. Specify a different type.  @typescript-eslint/no-explicit-any
82:26  Warning: Unexpected any. Specify a different type.  @typescript-eslint/no-explicit-any

./src/app/api/admin/settings/route.ts
117:59  Warning: Unexpected any. Specify a different type.  @typescript-eslint/no-explicit-any

./src/app/api/admin/subtitles/route.ts
14:39  Warning: Unexpected any. Specify a different type.  @typescript-eslint/no-explicit-any
35:43  Warning: Unexpected any. Specify a different type.  @typescript-eslint/no-explicit-any
44:41  Warning: Unexpected any. Specify a different type.  @typescript-eslint/no-explicit-any
54:41  Warning: Unexpected any. Specify a different type.  @typescript-eslint/no-explicit-any

./src/app/api/admin/training/route.ts
56:50  Warning: Unexpected any. Specify a different type.  @typescript-eslint/no-explicit-any
62:55  Warning: Unexpected any. Specify a different type.  @typescript-eslint/no-explicit-any

./src/app/api/admin/training/[id]/route.ts
36:15  Warning: 'course' is assigned a value but never used.  @typescript-eslint/no-unused-vars
54:57  Warning: Unexpected any. Specify a different type.  @typescript-eslint/no-explicit-any
54:79  Warning: Unexpected any. Specify a different type.  @typescript-eslint/no-explicit-any
81:60  Warning: Unexpected any. Specify a different type.  @typescript-eslint/no-explicit-any
81:82  Warning: Unexpected any. Specify a different type.  @typescript-eslint/no-explicit-any
130:74  Warning: Unexpected any. Specify a different type.  @typescript-eslint/no-explicit-any
130:96  Warning: Unexpected any. Specify a different type.  @typescript-eslint/no-explicit-any

./src/app/api/auth/apple/callback/route.ts
4:10  Warning: 'cookies' is defined but never used.  @typescript-eslint/no-unused-vars

./src/app/api/auth/register/register.integration.test.ts
8:32  Warning: 'vi' is defined but never used.  @typescript-eslint/no-unused-vars

./src/app/api/auth/register/route.ts
6:29  Warning: 'welcomeEmailWithOverrides' is defined but never used.  @typescript-eslint/no-unused-vars
41:26  Warning: Unexpected any. Specify a different type.  @typescript-eslint/no-explicit-any
74:18  Warning: Unexpected any. Specify a different type.  @typescript-eslint/no-explicit-any

./src/app/api/script-calls/[id]/analyze/route.ts
11:44  Warning: 'params' is defined but never used.  @typescript-eslint/no-unused-vars

./src/app/api/subtitles/[projectId]/route.ts
14:39  Warning: Unexpected any. Specify a different type.  @typescript-eslint/no-explicit-any

./src/app/[locale]/about/page.tsx
49:61  Warning: Unexpected any. Specify a different type.  @typescript-eslint/no-explicit-any
50:67  Warning: Unexpected any. Specify a different type.  @typescript-eslint/no-explicit-any
55:28  Warning: Unexpected any. Specify a different type.  @typescript-eslint/no-explicit-any
55:79  Warning: Unexpected any. Specify a different type.  @typescript-eslint/no-explicit-any
61:11  Warning: 'n' is assigned a value but never used.  @typescript-eslint/no-unused-vars
253:36  Warning: `"` can be escaped with `&quot;`, `&ldquo;`, `&#34;`, `&rdquo;`.  react/no-unescaped-entities

./src/app/[locale]/casting/[id]/apply/page.tsx
32:13  Warning: 'reapply' is assigned a value but never used.  @typescript-eslint/no-unused-vars

./src/app/[locale]/dashboard/page.tsx
149:8  Warning: React Hook useEffect has a missing dependency: 'locale'. Either include it or remove the dependency array.  react-hooks/exhaustive-deps

./src/app/[locale]/donate/page.tsx
39:23  Warning: Error: Calling setState synchronously within an effect can trigger cascading renders

Effects are intended to synchronize state between React and external systems such as manually updating the DOM, state management libraries, or other platform APIs. In general, the body of an effect should do one or both of the following:
* Update external systems with the latest state from React.
* Subscribe for updates from some external system, calling setState in a callback function when external state changes.

Calling setState synchronously within an effect body causes cascading renders that can hurt performance, and is not recommended. (https://react.dev/learn/you-might-not-need-an-effect).

C:\Users\mxz\Desktop\my website\aim-platform\src\app\[locale]\donate\page.tsx:39:23
  37 |     const finalAmount = selectedAmount || (customAmount ? parseFloat(customAmount) : 0)
  38 |
> 39 |     useEffect(() => { setMounted(true) }, [])
     |                       ^^^^^^^^^^ Avoid calling setState() directly within an effect
  40 |
  41 |     // Load PayPal JS SDK
  42 |     useEffect(() => {  react-hooks/set-state-in-effect
45:32  Warning: Error: Calling setState synchronously within an effect can trigger cascading renders

Effects are intended to synchronize state between React and external systems such as manually updating the DOM, state management libraries, or other platform APIs. In general, the body of an effect should do one or both of the following:
* Update external systems with the latest state from React.
* Subscribe for updates from some external system, calling setState in a callback function when external state changes.

Calling setState synchronously within an effect body causes cascading renders that can hurt performance, and is not recommended. (https://react.dev/learn/you-might-not-need-an-effect).

C:\Users\mxz\Desktop\my website\aim-platform\src\app\[locale]\donate\page.tsx:45:32
  43 |         const clientId = process.env.NEXT_PUBLIC_PAYPAL_CLIENT_ID
  44 |         if (!clientId || document.getElementById('paypal-sdk')) {
> 45 |             if (window.paypal) setPaypalReady(true)
     |                                ^^^^^^^^^^^^^^ Avoid calling setState() directly within an effect
  46 |             return
  47 |         }
  48 |         const script = document.createElement('script')  react-hooks/set-state-in-effect

./src/app/[locale]/forgot-password/page.tsx
43:10  Warning: 'CodeInput' is defined but never used.  @typescript-eslint/no-unused-vars

./src/app/[locale]/login/page.tsx
187:41  Warning: Do not use an `<a>` element to navigate to `/api/auth/google/`. Use `<Link />` from `next/link` instead. See: https://nextjs.org/docs/messages/no-html-link-for-pages  @next/next/no-html-link-for-pages
187:41  Warning: Do not use an `<a>` element to navigate to `/api/auth/google/`. Use `<Link />` from `next/link` instead. See: https://nextjs.org/docs/messages/no-html-link-for-pages  @next/next/no-html-link-for-pages
187:41  Warning: Do not use an `<a>` element to navigate to `/api/auth/google/`. Use `<Link />` from `next/link` instead. See: https://nextjs.org/docs/messages/no-html-link-for-pages  @next/next/no-html-link-for-pages
187:41  Warning: Do not use an `<a>` element to navigate to `/api/auth/google/`. Use `<Link />` from `next/link` instead. See: https://nextjs.org/docs/messages/no-html-link-for-pages  @next/next/no-html-link-for-pages
204:41  Warning: Do not use an `<a>` element to navigate to `/api/auth/apple/`. Use `<Link />` from `next/link` instead. See: https://nextjs.org/docs/messages/no-html-link-for-pages  @next/next/no-html-link-for-pages
204:41  Warning: Do not use an `<a>` element to navigate to `/api/auth/apple/`. Use `<Link />` from `next/link` instead. See: https://nextjs.org/docs/messages/no-html-link-for-pages  @next/next/no-html-link-for-pages
204:41  Warning: Do not use an `<a>` element to navigate to `/api/auth/apple/`. Use `<Link />` from `next/link` instead. See: https://nextjs.org/docs/messages/no-html-link-for-pages  @next/next/no-html-link-for-pages
204:41  Warning: Do not use an `<a>` element to navigate to `/api/auth/apple/`. Use `<Link />` from `next/link` instead. See: https://nextjs.org/docs/messages/no-html-link-for-pages  @next/next/no-html-link-for-pages

./src/app/[locale]/page.tsx
17:46  Warning: Unexpected any. Specify a different type.  @typescript-eslint/no-explicit-any
17:89  Warning: Unexpected any. Specify a different type.  @typescript-eslint/no-explicit-any
64:8  Warning: 'Project' is defined but never used.  @typescript-eslint/no-unused-vars

./src/app/[locale]/register/page.tsx
20:13  Warning: 'register' is assigned a value but never used.  @typescript-eslint/no-unused-vars

./src/app/[locale]/sponsors/page.tsx
188:65  Warning: Using `<img>` could result in slower LCP and higher bandwidth. Consider using `<Image />` from `next/image` or a custom image loader to automatically optimize images. This may incur additional usage or cost from your provider. See: https://nextjs.org/docs/messages/no-img-element  @next/next/no-img-element
432:33  Warning: Do not use an `<a>` element to navigate to `/contact/`. Use `<Link />` from `next/link` instead. See: https://nextjs.org/docs/messages/no-html-link-for-pages  @next/next/no-html-link-for-pages
432:33  Warning: Do not use an `<a>` element to navigate to `/contact/`. Use `<Link />` from `next/link` instead. See: https://nextjs.org/docs/messages/no-html-link-for-pages  @next/next/no-html-link-for-pages
432:33  Warning: Do not use an `<a>` element to navigate to `/contact/`. Use `<Link />` from `next/link` instead. See: https://nextjs.org/docs/messages/no-html-link-for-pages  @next/next/no-html-link-for-pages
432:33  Warning: Do not use an `<a>` element to navigate to `/contact/`. Use `<Link />` from `next/link` instead. See: https://nextjs.org/docs/messages/no-html-link-for-pages  @next/next/no-html-link-for-pages

./src/app/[locale]/training/page.tsx
19:23  Warning: Unexpected any. Specify a different type.  @typescript-eslint/no-explicit-any

./src/app/[locale]/training/[slug]/page.tsx
114:8  Warning: React Hook useMemo has a missing dependency: 'PUNCT'. Either include it or remove the dependency array.  react-hooks/exhaustive-deps
284:32  Warning: Unexpected any. Specify a different type.  @typescript-eslint/no-explicit-any
293:12  Warning: 'currentSegmentIndex' is assigned a value but never used.  @typescript-eslint/no-unused-vars
375:8  Warning: React Hook useEffect has a missing dependency: 'activeLesson'. Either include it or remove the dependency array.  react-hooks/exhaustive-deps
469:58  Warning: Unexpected any. Specify a different type.  @typescript-eslint/no-explicit-any
524:36  Warning: Unexpected any. Specify a different type.  @typescript-eslint/no-explicit-any
524:58  Warning: Unexpected any. Specify a different type.  @typescript-eslint/no-explicit-any
525:62  Warning: Unexpected any. Specify a different type.  @typescript-eslint/no-explicit-any
529:56  Warning: Unexpected any. Specify a different type.  @typescript-eslint/no-explicit-any
590:8  Warning: React Hook useEffect has a missing dependency: 'activeLesson'. Either include it or remove the dependency array.  react-hooks/exhaustive-deps

./src/app/[locale]/works/[slug]/page.tsx
1:8  Warning: 'Link' is defined but never used.  @typescript-eslint/no-unused-vars

./src/components/AdminApplicationsClient.tsx
83:56  Warning: Expected an assignment or function call and instead saw an expression.  @typescript-eslint/no-unused-expressions

./src/components/analytics/Charts.tsx
90:21  Warning: Error: Cannot reassign variable after render completes

Reassigning `accum` after render has completed can cause inconsistent behavior on subsequent renders. Consider using state instead.

C:\Users\mxz\Desktop\my website\aim-platform\src\components\analytics\Charts.tsx:90:21
  88 |                     const gap = circumference - dash
  89 |                     const off = -accum * circumference
> 90 |                     accum += pct
     |                     ^^^^^ Cannot reassign `accum` after render completes
  91 |                     return <circle key={i} cx={size / 2} cy={size / 2} r={radius} fill="none"
  92 |                         stroke={seg.color} strokeWidth={strokeWidth} strokeLinecap="round"
  93 |                         strokeDasharray={`${dash - 2} ${gap + 2}`}  react-hooks/immutability
144:28  Warning: Error: Cannot call impure function during render

`Math.random` is an impure function. Calling an impure function can produce unstable results that update unpredictably when the component happens to re-render. (https://react.dev/reference/rules/components-and-hooks-must-be-pure#components-and-hooks-must-be-idempotent).

C:\Users\mxz\Desktop\my website\aim-platform\src\components\analytics\Charts.tsx:144:28
  142 |     const avg = Math.round(data.reduce((a, b) => a + b, 0) / data.length)
  143 |     const peak = Math.max(...data)
> 144 |     const gradId = `areaG${Math.random().toString(36).slice(2, 7)}`
      |                            ^^^^^^^^^^^^^ Cannot call impure function
  145 |
  146 |     return (
  147 |         <div style={{  react-hooks/purity

./src/components/analytics/VoiceConversation.tsx
65:5  Warning: Unused eslint-disable directive (no problems were reported from 'react-hooks/exhaustive-deps').
283:9  Warning: Unused eslint-disable directive (no problems were reported from '@typescript-eslint/no-explicit-any').

./src/components/application/ApplicationSuccess.tsx
49:35  Warning: Error: Cannot call impure function during render

`Math.random` is an impure function. Calling an impure function can produce unstable results that update unpredictably when the component happens to re-render. (https://react.dev/reference/rules/components-and-hooks-must-be-pure#components-and-hooks-must-be-idempotent).

C:\Users\mxz\Desktop\my website\aim-platform\src\components\application\ApplicationSuccess.tsx:49:35
  47 |                 <div key={i} style={{
  48 |                     position: 'absolute',
> 49 |                     width: `${4 + Math.random() * 8}px`,
     |                                   ^^^^^^^^^^^^^ Cannot call impure function
  50 |                     height: `${4 + Math.random() * 8}px`,
  51 |                     background: ['#d4a853', '#ffd700', '#b8860b', '#fff', '#f0c040', '#a0784c'][i % 6],
  52 |                     borderRadius: i % 3 === 0 ? '50%' : '2px',  react-hooks/purity
50:36  Warning: Error: Cannot call impure function during render

`Math.random` is an impure function. Calling an impure function can produce unstable results that update unpredictably when the component happens to re-render. (https://react.dev/reference/rules/components-and-hooks-must-be-pure#components-and-hooks-must-be-idempotent).

C:\Users\mxz\Desktop\my website\aim-platform\src\components\application\ApplicationSuccess.tsx:50:36
  48 |                     position: 'absolute',
  49 |                     width: `${4 + Math.random() * 8}px`,
> 50 |                     height: `${4 + Math.random() * 8}px`,
     |                                    ^^^^^^^^^^^^^ Cannot call impure function
  51 |                     background: ['#d4a853', '#ffd700', '#b8860b', '#fff', '#f0c040', '#a0784c'][i % 6],
  52 |                     borderRadius: i % 3 === 0 ? '50%' : '2px',
  53 |                     left: `${Math.random() * 100}%`,  react-hooks/purity
53:30  Warning: Error: Cannot call impure function during render

`Math.random` is an impure function. Calling an impure function can produce unstable results that update unpredictably when the component happens to re-render. (https://react.dev/reference/rules/components-and-hooks-must-be-pure#components-and-hooks-must-be-idempotent).

C:\Users\mxz\Desktop\my website\aim-platform\src\components\application\ApplicationSuccess.tsx:53:30
  51 |                     background: ['#d4a853', '#ffd700', '#b8860b', '#fff', '#f0c040', '#a0784c'][i % 6],
  52 |                     borderRadius: i % 3 === 0 ? '50%' : '2px',
> 53 |                     left: `${Math.random() * 100}%`,
     |                              ^^^^^^^^^^^^^ Cannot call impure function
  54 |                     top: '-20px',
  55 |                     animation: `confettiFall ${2 + Math.random() * 3}s ease-in ${Math.random() * 2}s forwards`,
  56 |                     opacity: 0.8,  react-hooks/purity
55:52  Warning: Error: Cannot call impure function during render

`Math.random` is an impure function. Calling an impure function can produce unstable results that update unpredictably when the component happens to re-render. (https://react.dev/reference/rules/components-and-hooks-must-be-pure#components-and-hooks-must-be-idempotent).

C:\Users\mxz\Desktop\my website\aim-platform\src\components\application\ApplicationSuccess.tsx:55:52
  53 |                     left: `${Math.random() * 100}%`,
  54 |                     top: '-20px',
> 55 |                     animation: `confettiFall ${2 + Math.random() * 3}s ease-in ${Math.random() * 2}s forwards`,
     |                                                    ^^^^^^^^^^^^^ Cannot call impure function
  56 |                     opacity: 0.8,
  57 |                 }} />
  58 |             ))}  react-hooks/purity
55:82  Warning: Error: Cannot call impure function during render

`Math.random` is an impure function. Calling an impure function can produce unstable results that update unpredictably when the component happens to re-render. (https://react.dev/reference/rules/components-and-hooks-must-be-pure#components-and-hooks-must-be-idempotent).

C:\Users\mxz\Desktop\my website\aim-platform\src\components\application\ApplicationSuccess.tsx:55:82
  53 |                     left: `${Math.random() * 100}%`,
  54 |                     top: '-20px',
> 55 |                     animation: `confettiFall ${2 + Math.random() * 3}s ease-in ${Math.random() * 2}s forwards`,
     |                                                                                  ^^^^^^^^^^^^^ Cannot call impure function
  56 |                     opacity: 0.8,
  57 |                 }} />
  58 |             ))}  react-hooks/purity

./src/components/application/VoiceRecorder.tsx
197:57  Warning: Error: Cannot call impure function during render

`Math.random` is an impure function. Calling an impure function can produce unstable results that update unpredictably when the component happens to re-render. (https://react.dev/reference/rules/components-and-hooks-must-be-pure#components-and-hooks-must-be-idempotent).

C:\Users\mxz\Desktop\my website\aim-platform\src\components\application\VoiceRecorder.tsx:197:57
  195 |                                         borderRadius: '2px',
  196 |                                         animation: `waveform 0.8s ease-in-out ${i * 0.05}s infinite alternate`,
> 197 |                                         height: `${12 + Math.random() * 28}px`,
      |                                                         ^^^^^^^^^^^^^ Cannot call impure function
  198 |                                     }} />
  199 |                                 ))}
  200 |                                 <style>{`  react-hooks/purity

./src/components/ApplicationDetailClient.tsx
213:39  Warning: 'i' is defined but never used.  @typescript-eslint/no-unused-vars

./src/components/ApplicationForm.tsx
43:7  Warning: 'PERSONALITY_QUESTIONS' is assigned a value but never used.  @typescript-eslint/no-unused-vars
64:7  Warning: 'CONSENT_ITEMS' is assigned a value but never used.  @typescript-eslint/no-unused-vars

./src/components/casting/CastingRoleCard.tsx
51:11  Warning: 'showApplyBtn' is assigned a value but never used.  @typescript-eslint/no-unused-vars

./src/components/casting/EncouragementSection.tsx
21:8  Warning: React Hook useEffect has a missing dependency: 'VALUES.length'. Either include it or remove the dependency array.  react-hooks/exhaustive-deps

./src/components/dashboard/ProfileTab.tsx
147:9  Warning: Error: Cannot access variable before it is declared

`applyTheme` is accessed before it is declared, which prevents the earlier access from updating when this value changes over time.

C:\Users\mxz\Desktop\my website\aim-platform\src\components\dashboard\ProfileTab.tsx:147:9
  145 |         const effective = saved ?? 'dark'
  146 |         setThemeMode(effective)
> 147 |         applyTheme(effective)
      |         ^^^^^^^^^^ `applyTheme` accessed before it is declared
  148 |         // Mirror system changes in real time when mode === 'system'
  149 |         const mq = window.matchMedia('(prefers-color-scheme: dark)')
  150 |         const onSystemChange = () => {

C:\Users\mxz\Desktop\my website\aim-platform\src\components\dashboard\ProfileTab.tsx:157:5
  155 |     }, [])
  156 |
> 157 |     function applyTheme(mode: 'dark' | 'light' | 'system') {
      |     ^^^^^^^^^^^^^^^^^^^^^^^^^^^^^^^^^^^^^^^^^^^^^^^^^^^^^^^^
> 158 |         if (mode === 'light') {
      | ^^^^^^^^^^^^^^^^^^^^^^^^^^^^^^^
> 159 |             document.documentElement.setAttribute('data-theme', 'light')
      ΓÇª
      | ^^^^^^^^^^^^^^^^^^^^^^^^^^^^^^^
> 167 |         }
      | ^^^^^^^^^^^^^^^^^^^^^^^^^^^^^^^
> 168 |     }
      | ^^^^^^ `applyTheme` is declared here
  169 |
  170 |     function handleTheme(key: 'dark' | 'light' | 'system') {
  171 |         setThemeMode(key)  react-hooks/immutability

./src/components/Footer.tsx
14:12  Warning: 'footerSponsors' is assigned a value but never used.  @typescript-eslint/no-unused-vars

./src/components/HomeHero.tsx
51:9  Warning: Unused eslint-disable directive (no problems were reported from 'react-hooks/exhaustive-deps').
84:8  Warning: React Hook useEffect has a missing dependency: 'ROTATING_WORDS.length'. Either include it or remove the dependency array.  react-hooks/exhaustive-deps

./src/components/MobileTabBar.tsx
195:13  Warning: Error: Calling setState synchronously within an effect can trigger cascading renders

Effects are intended to synchronize state between React and external systems such as manually updating the DOM, state management libraries, or other platform APIs. In general, the body of an effect should do one or both of the following:
* Update external systems with the latest state from React.
* Subscribe for updates from some external system, calling setState in a callback function when external state changes.

Calling setState synchronously within an effect body causes cascading renders that can hurt performance, and is not recommended. (https://react.dev/learn/you-might-not-need-an-effect).

C:\Users\mxz\Desktop\my website\aim-platform\src\components\MobileTabBar.tsx:195:13
  193 |     useEffect(() => {
  194 |         if (debouncedQuery.length < 2) {
> 195 |             setResults([])
      |             ^^^^^^^^^^ Avoid calling setState() directly within an effect
  196 |             setLoading(false)
  197 |             return
  198 |         }  react-hooks/set-state-in-effect

./src/components/Navbar.tsx
77:29  Warning: Using `<img>` could result in slower LCP and higher bandwidth. Consider using `<Image />` from `next/image` or a custom image loader to automatically optimize images. This may incur additional usage or cost from your provider. See: https://nextjs.org/docs/messages/no-img-element  @next/next/no-img-element
529:17  Warning: Do not use an `<a>` element to navigate to `/admin/`. Use `<Link />` from `next/link` instead. See: https://nextjs.org/docs/messages/no-html-link-for-pages  @next/next/no-html-link-for-pages
529:17  Warning: Do not use an `<a>` element to navigate to `/admin/`. Use `<Link />` from `next/link` instead. See: https://nextjs.org/docs/messages/no-html-link-for-pages  @next/next/no-html-link-for-pages
529:17  Warning: Do not use an `<a>` element to navigate to `/admin/`. Use `<Link />` from `next/link` instead. See: https://nextjs.org/docs/messages/no-html-link-for-pages  @next/next/no-html-link-for-pages
529:17  Warning: Do not use an `<a>` element to navigate to `/admin/`. Use `<Link />` from `next/link` instead. See: https://nextjs.org/docs/messages/no-html-link-for-pages  @next/next/no-html-link-for-pages

./src/components/PageTransition.tsx
15:13  Warning: Error: Calling setState synchronously within an effect can trigger cascading renders

Effects are intended to synchronize state between React and external systems such as manually updating the DOM, state management libraries, or other platform APIs. In general, the body of an effect should do one or both of the following:
* Update external systems with the latest state from React.
* Subscribe for updates from some external system, calling setState in a callback function when external state changes.

Calling setState synchronously within an effect body causes cascading renders that can hurt performance, and is not recommended. (https://react.dev/learn/you-might-not-need-an-effect).

C:\Users\mxz\Desktop\my website\aim-platform\src\components\PageTransition.tsx:15:13
  13 |     useEffect(() => {
  14 |         if (pathname === prevPathname.current) {
> 15 |             setDisplayChildren(children)
     |             ^^^^^^^^^^^^^^^^^^ Avoid calling setState() directly within an effect
  16 |             return
  17 |         }
  18 |  react-hooks/set-state-in-effect

./src/components/ProjectDetail3D.tsx
3:50  Warning: 'CSSProperties' is defined but never used.  @typescript-eslint/no-unused-vars
7:11  Warning: 'ProjectDetail3DProps' is defined but never used.  @typescript-eslint/no-unused-vars

./src/components/ProjectDetailClient2.tsx
62:12  Warning: 'isTrailerVisible' is assigned a value but never used.  @typescript-eslint/no-unused-vars
96:8  Warning: React Hook useEffect has a missing dependency: 'project.id'. Either include it or remove the dependency array.  react-hooks/exhaustive-deps

./src/components/search/ResultItem.tsx
34:11  Warning: Using `<img>` could result in slower LCP and higher bandwidth. Consider using `<Image />` from `next/image` or a custom image loader to automatically optimize images. This may incur additional usage or cost from your provider. See: https://nextjs.org/docs/messages/no-img-element  @next/next/no-img-element

./src/components/search/SearchContext.tsx
27:9  Warning: 'router' is assigned a value but never used.  @typescript-eslint/no-unused-vars

./src/components/search/SearchOverlay.tsx
150:5  Warning: Error: Calling setState synchronously within an effect can trigger cascading renders

Effects are intended to synchronize state between React and external systems such as manually updating the DOM, state management libraries, or other platform APIs. In general, the body of an effect should do one or both of the following:
* Update external systems with the latest state from React.
* Subscribe for updates from some external system, calling setState in a callback function when external state changes.

Calling setState synchronously within an effect body causes cascading renders that can hurt performance, and is not recommended. (https://react.dev/learn/you-might-not-need-an-effect).

C:\Users\mxz\Desktop\my website\aim-platform\src\components\search\SearchOverlay.tsx:150:5
  148 |
  149 |   useEffect(() => {
> 150 |     setMounted(true);
      |     ^^^^^^^^^^ Avoid calling setState() directly within an effect
  151 |   }, []);
  152 |
  153 |   if (!mounted) return null;  react-hooks/set-state-in-effect

./src/components/TiltCard3D.tsx
55:52  Warning: Error: Cannot access variable before it is declared

`animate` is accessed before it is declared, which prevents the earlier access from updating when this value changes over time.

C:\Users\mxz\Desktop\my website\aim-platform\src\components\TiltCard3D.tsx:55:52
  53 |         const ds = Math.abs(targetScaleRef.current - currentScaleRef.current)
  54 |         if (dx > 0.01 || dy > 0.01 || ds > 0.001) {
> 55 |             rafRef.current = requestAnimationFrame(animate)
     |                                                    ^^^^^^^ `animate` accessed before it is declared
  56 |         } else {
  57 |             animatingRef.current = false
  58 |         }

C:\Users\mxz\Desktop\my website\aim-platform\src\components\TiltCard3D.tsx:38:5
  36 |
  37 |     // Smooth animation loop ΓÇö lerp toward target rotation
> 38 |     const animate = useCallback(() => {
     |     ^^^^^^^^^^^^^^^^^^^^^^^^^^^^^^^^^^^
> 39 |         const card = cardRef.current
     | ^^^^^^^^^^^^^^^^^^^^^^^^^^^^^^^^^^^^
> 40 |         if (!card) return
     ΓÇª
     | ^^^^^^^^^^^^^^^^^^^^^^^^^^^^^^^^^^^^
> 58 |         }
     | ^^^^^^^^^^^^^^^^^^^^^^^^^^^^^^^^^^^^
> 59 |     }, [perspective])
     | ^^^^^^^^^^^^^^^^^^^^^^ `animate` is declared here
  60 |
  61 |     const handleMouseMove = useCallback((e: React.MouseEvent<HTMLDivElement>) => {
  62 |         const card = cardRef.current  react-hooks/immutability
86:8  Warning: React Hook useCallback has a missing dependency: 'scale'. Either include it or remove the dependency array.  react-hooks/exhaustive-deps
103:11  Warning: 'Tag' is assigned a value but never used.  @typescript-eslint/no-unused-vars

./src/components/WatchPlayer.tsx
60:54  Warning: Error: Calling setState synchronously within an effect can trigger cascading renders

Effects are intended to synchronize state between React and external systems such as manually updating the DOM, state management libraries, or other platform APIs. In general, the body of an effect should do one or both of the following:
* Update external systems with the latest state from React.
* Subscribe for updates from some external system, calling setState in a callback function when external state changes.

Calling setState synchronously within an effect body causes cascading renders that can hurt performance, and is not recommended. (https://react.dev/learn/you-might-not-need-an-effect).

C:\Users\mxz\Desktop\my website\aim-platform\src\components\WatchPlayer.tsx:60:54
  58 |     // Find current subtitle based on video time
  59 |     useEffect(() => {
> 60 |         if (!ccEnabled || ccSegments.length === 0) { setActiveSubtitle(''); return }
     |                                                      ^^^^^^^^^^^^^^^^^ Avoid calling setState() directly within an effect
  61 |         const seg = ccSegments.find(s => currentTime >= s.start && currentTime <= s.end)
  62 |         setActiveSubtitle(seg?.text || '')
  63 |     }, [currentTime, ccEnabled, ccSegments])  react-hooks/set-state-in-effect
118:13  Warning: Error: Calling setState synchronously within an effect can trigger cascading renders

Effects are intended to synchronize state between React and external systems such as manually updating the DOM, state management libraries, or other platform APIs. In general, the body of an effect should do one or both of the following:
* Update external systems with the latest state from React.
* Subscribe for updates from some external system, calling setState in a callback function when external state changes.

Calling setState synchronously within an effect body causes cascading renders that can hurt performance, and is not recommended. (https://react.dev/learn/you-might-not-need-an-effect).

C:\Users\mxz\Desktop\my website\aim-platform\src\components\WatchPlayer.tsx:118:13
  116 |     useEffect(() => {
  117 |         if (isSeries && project.episodes.length > 0) {
> 118 |             setActiveEpisode(project.episodes[0])
      |             ^^^^^^^^^^^^^^^^ Avoid calling setState() directly within an effect
  119 |         }
  120 |     }, [isSeries, project.episodes])
  121 |  react-hooks/set-state-in-effect
131:21  Warning: Error: Calling setState synchronously within an effect can trigger cascading renders

Effects are intended to synchronize state between React and external systems such as manually updating the DOM, state management libraries, or other platform APIs. In general, the body of an effect should do one or both of the following:
* Update external systems with the latest state from React.
* Subscribe for updates from some external system, calling setState in a callback function when external state changes.

Calling setState synchronously within an effect body causes cascading renders that can hurt performance, and is not recommended. (https://react.dev/learn/you-might-not-need-an-effect).

C:\Users\mxz\Desktop\my website\aim-platform\src\components\WatchPlayer.tsx:131:21
  129 |     }
  130 |
> 131 |     useEffect(() => resetControlsTimer(), [isPlaying])
      |                     ^^^^^^^^^^^^^^^^^^ Avoid calling setState() directly within an effect
  132 |
  133 |     const togglePlay = () => {
  134 |         const vid = videoRef.current  react-hooks/set-state-in-effect
131:43  Warning: React Hook useEffect has a missing dependency: 'resetControlsTimer'. Either include it or remove the dependency array.  react-hooks/exhaustive-deps

./src/components/WorksPageClient.tsx
7:8  Warning: 'TiltCard3D' is defined but never used.  @typescript-eslint/no-unused-vars
76:9  Warning: Unused eslint-disable directive (no problems were reported from 'react-hooks/exhaustive-deps').

./src/lib/agents/audition-agent.test.ts
312:72  Warning: Unexpected any. Specify a different type.  @typescript-eslint/no-explicit-any

./src/lib/agents/audition-agent.ts
97:7  Warning: 'DAILY_QUOTA' is assigned a value but never used.  @typescript-eslint/no-unused-vars
149:13  Warning: 'provider' is never reassigned. Use 'const' instead.  prefer-const
651:55  Warning: Unexpected any. Specify a different type.  @typescript-eslint/no-explicit-any
651:92  Warning: Unexpected any. Specify a different type.  @typescript-eslint/no-explicit-any
652:59  Warning: Unexpected any. Specify a different type.  @typescript-eslint/no-explicit-any
652:90  Warning: Unexpected any. Specify a different type.  @typescript-eslint/no-explicit-any
765:21  Warning: 'report' is never reassigned. Use 'const' instead.  prefer-const

./src/lib/device-fingerprint.ts
16:3  Warning: 'tokenVersion' is defined but never used.  @typescript-eslint/no-unused-vars
26:75  Warning: Unexpected any. Specify a different type.  @typescript-eslint/no-explicit-any
27:9  Warning: Unexpected any. Specify a different type.  @typescript-eslint/no-explicit-any
48:34  Warning: Unexpected any. Specify a different type.  @typescript-eslint/no-explicit-any
63:25  Warning: Unexpected any. Specify a different type.  @typescript-eslint/no-explicit-any

./src/lib/email-templates.ts
30:43  Warning: Unexpected any. Specify a different type.  @typescript-eslint/no-explicit-any

./src/lib/logger.test.ts
7:32  Warning: 'vi' is defined but never used.  @typescript-eslint/no-unused-vars

./src/lib/mailer.ts
163:10  Warning: 'stripHtml' is defined but never used.  @typescript-eslint/no-unused-vars

./src/lib/subtitle-translator.ts
84:1  Warning: Unused eslint-disable directive (no problems were reported from '@typescript-eslint/no-explicit-any').
87:17  Warning: Unexpected any. Specify a different type.  @typescript-eslint/no-explicit-any

./src/lib/transcribe-client.ts
139:9  Warning: Unused eslint-disable directive (no problems were reported from '@typescript-eslint/no-explicit-any').

./src/middleware.ts
4:62  Warning: 'verifyCsrfToken' is defined but never used.  @typescript-eslint/no-unused-vars

./src/__tests__/upload-safety.test.ts
6:60  Warning: 'validateUpload' is defined but never used.  @typescript-eslint/no-unused-vars
6:76  Warning: 'validateFileType' is defined but never used.  @typescript-eslint/no-unused-vars
6:94  Warning: 'validateFileSize' is defined but never used.  @typescript-eslint/no-unused-vars
6:112  Warning: 'IMAGE_TYPES' is defined but never used.  @typescript-eslint/no-unused-vars
6:125  Warning: 'AUDIO_TYPES' is defined but never used.  @typescript-eslint/no-unused-vars

info  - Need to disable some ESLint rules? Learn more here: https://nextjs.org/docs/app/api-reference/config/eslint#disabling-rules
   Collecting page data ...
   Generating static pages (0/271) ...
   Generating static pages (67/271) 
prisma:error 
Invalid `prisma.siteSettings.findFirst()` invocation:


Can't reach database server at `localhost:5432`

Please make sure your database server is running at `localhost:5432`.
prisma:error 
Invalid `prisma.siteSettings.findFirst()` invocation:


Can't reach database server at `localhost:5432`

Please make sure your database server is running at `localhost:5432`.
prisma:error 
Invalid `prisma.siteSettings.findFirst()` invocation:


Can't reach database server at `localhost:5432`

Please make sure your database server is running at `localhost:5432`.
prisma:error 
Invalid `prisma.siteSettings.findFirst()` invocation:


Can't reach database server at `localhost:5432`

Please make sure your database server is running at `localhost:5432`.
prisma:error 
Invalid `prisma.siteSettings.findFirst()` invocation:


Can't reach database server at `localhost:5432`

Please make sure your database server is running at `localhost:5432`.
prisma:error 
Invalid `prisma.siteSettings.findFirst()` invocation:


Can't reach database server at `localhost:5432`

Please make sure your database server is running at `localhost:5432`.
prisma:error 
Invalid `prisma.siteSettings.findFirst()` invocation:


Can't reach database server at `localhost:5432`

Please make sure your database server is running at `localhost:5432`.
prisma:error 
Invalid `prisma.siteSettings.findFirst()` invocation:


Can't reach database server at `localhost:5432`

Please make sure your database server is running at `localhost:5432`.
prisma:error 
Invalid `prisma.siteSettings.findFirst()` invocation:


Can't reach database server at `localhost:5432`

Please make sure your database server is running at `localhost:5432`.
prisma:error 
Invalid `prisma.siteSettings.findFirst()` invocation:


Can't reach database server at `localhost:5432`

Please make sure your database server is running at `localhost:5432`.
prisma:error 
Invalid `prisma.siteSettings.findFirst()` invocation:


Can't reach database server at `localhost:5432`

Please make sure your database server is running at `localhost:5432`.
prisma:error 
Invalid `prisma.siteSettings.findFirst()` invocation:


Can't reach database server at `localhost:5432`

Please make sure your database server is running at `localhost:5432`.
prisma:error 
Invalid `prisma.siteSettings.findFirst()` invocation:


Can't reach database server at `localhost:5432`

Please make sure your database server is running at `localhost:5432`.
prisma:error 
Invalid `prisma.siteSettings.findFirst()` invocation:


Can't reach database server at `localhost:5432`

Please make sure your database server is running at `localhost:5432`.
prisma:error 
Invalid `prisma.siteSettings.findFirst()` invocation:


Can't reach database server at `localhost:5432`

Please make sure your database server is running at `localhost:5432`.
prisma:error 
Invalid `prisma.siteSettings.findFirst()` invocation:


Can't reach database server at `localhost:5432`

Please make sure your database server is running at `localhost:5432`.
prisma:error 
Invalid `prisma.siteSettings.findFirst()` invocation:


Can't reach database server at `localhost:5432`

Please make sure your database server is running at `localhost:5432`.
prisma:error 
Invalid `prisma.siteSettings.findFirst()` invocation:


Can't reach database server at `localhost:5432`

Please make sure your database server is running at `localhost:5432`.
prisma:error 
Invalid `prisma.siteSettings.findFirst()` invocation:


Can't reach database server at `localhost:5432`

Please make sure your database server is running at `localhost:5432`.
prisma:error 
Invalid `prisma.project.findMany()` invocation:


Can't reach database server at `localhost:5432`

Please make sure your database server is running at `localhost:5432`.
prisma:error 
Invalid `prisma.siteSettings.findFirst()` invocation:


Can't reach database server at `localhost:5432`

Please make sure your database server is running at `localhost:5432`.
prisma:error 
Invalid `prisma.siteSettings.findFirst()` invocation:


Can't reach database server at `localhost:5432`

Please make sure your database server is running at `localhost:5432`.
prisma:error 
Invalid `prisma.project.findMany()` invocation:


Can't reach database server at `localhost:5432`

Please make sure your database server is running at `localhost:5432`.
prisma:error 
Invalid `prisma.siteSettings.findFirst()` invocation:


Can't reach database server at `localhost:5432`

Please make sure your database server is running at `localhost:5432`.
prisma:error 
Invalid `prisma.project.findMany()` invocation:


Can't reach database server at `localhost:5432`

Please make sure your database server is running at `localhost:5432`.
prisma:error 
Invalid `prisma.siteSettings.findFirst()` invocation:


Can't reach database server at `localhost:5432`

Please make sure your database server is running at `localhost:5432`.
prisma:error 
Invalid `prisma.project.findMany()` invocation:


Can't reach database server at `localhost:5432`

Please make sure your database server is running at `localhost:5432`.
prisma:error 
Invalid `prisma.siteSettings.findFirst()` invocation:


Can't reach database server at `localhost:5432`

Please make sure your database server is running at `localhost:5432`.
prisma:error 
Invalid `prisma.siteSettings.findFirst()` invocation:


Can't reach database server at `localhost:5432`

Please make sure your database server is running at `localhost:5432`.
prisma:error 
Invalid `prisma.siteSettings.findFirst()` invocation:


Can't reach database server at `localhost:5432`

Please make sure your database server is running at `localhost:5432`.
prisma:error 
Invalid `prisma.siteSettings.findFirst()` invocation:


Can't reach database server at `localhost:5432`

Please make sure your database server is running at `localhost:5432`.
prisma:error 
Invalid `prisma.siteSettings.findFirst()` invocation:


Can't reach database server at `localhost:5432`

Please make sure your database server is running at `localhost:5432`.
prisma:error 
Invalid `prisma.siteSettings.findFirst()` invocation:


Can't reach database server at `localhost:5432`

Please make sure your database server is running at `localhost:5432`.
prisma:error 
Invalid `prisma.siteSettings.findFirst()` invocation:


Can't reach database server at `localhost:5432`

Please make sure your database server is running at `localhost:5432`.
prisma:error 
Invalid `prisma.siteSettings.findFirst()` invocation:


Can't reach database server at `localhost:5432`

Please make sure your database server is running at `localhost:5432`.
prisma:error 
Invalid `prisma.siteSettings.findFirst()` invocation:


Can't reach database server at `localhost:5432`

Please make sure your database server is running at `localhost:5432`.
prisma:error 
Invalid `prisma.siteSettings.findFirst()` invocation:


Can't reach database server at `localhost:5432`

Please make sure your database server is running at `localhost:5432`.
prisma:error 
Invalid `prisma.siteSettings.findFirst()` invocation:


Can't reach database server at `localhost:5432`

Please make sure your database server is running at `localhost:5432`.
prisma:error 
Invalid `prisma.siteSettings.findFirst()` invocation:


Can't reach database server at `localhost:5432`

Please make sure your database server is running at `localhost:5432`.
prisma:error 
Invalid `prisma.siteSettings.findFirst()` invocation:


Can't reach database server at `localhost:5432`

Please make sure your database server is running at `localhost:5432`.
prisma:error 
Invalid `prisma.siteSettings.findFirst()` invocation:


Can't reach database server at `localhost:5432`

Please make sure your database server is running at `localhost:5432`.
prisma:error 
Invalid `prisma.siteSettings.findFirst()` invocation:


Can't reach database server at `localhost:5432`

Please make sure your database server is running at `localhost:5432`.
prisma:error 
Invalid `prisma.siteSettings.findFirst()` invocation:


Can't reach database server at `localhost:5432`

Please make sure your database server is running at `localhost:5432`.
prisma:error 
Invalid `prisma.siteSettings.findFirst()` invocation:


Can't reach database server at `localhost:5432`

Please make sure your database server is running at `localhost:5432`.
prisma:error 
Invalid `prisma.siteSettings.findFirst()` invocation:


Can't reach database server at `localhost:5432`

Please make sure your database server is running at `localhost:5432`.
prisma:error 
Invalid `prisma.siteSettings.findFirst()` invocation:


Can't reach database server at `localhost:5432`

Please make sure your database server is running at `localhost:5432`.
prisma:error 
Invalid `prisma.siteSettings.findFirst()` invocation:


Can't reach database server at `localhost:5432`

Please make sure your database server is running at `localhost:5432`.
prisma:error 
Invalid `prisma.siteSettings.findFirst()` invocation:


Can't reach database server at `localhost:5432`

Please make sure your database server is running at `localhost:5432`.
prisma:error 
Invalid `prisma.siteSettings.findFirst()` invocation:


Can't reach database server at `localhost:5432`

Please make sure your database server is running at `localhost:5432`.
prisma:error 
Invalid `prisma.siteSettings.findFirst()` invocation:


Can't reach database server at `localhost:5432`

Please make sure your database server is running at `localhost:5432`.
prisma:error 
Invalid `prisma.siteSettings.findFirst()` invocation:


Can't reach database server at `localhost:5432`

Please make sure your database server is running at `localhost:5432`.
prisma:error 
Invalid `prisma.siteSettings.findFirst()` invocation:


Can't reach database server at `localhost:5432`

Please make sure your database server is running at `localhost:5432`.
prisma:error 
Invalid `prisma.siteSettings.findFirst()` invocation:


Can't reach database server at `localhost:5432`

Please make sure your database server is running at `localhost:5432`.
prisma:error 
Invalid `prisma.siteSettings.findFirst()` invocation:


Can't reach database server at `localhost:5432`

Please make sure your database server is running at `localhost:5432`.
prisma:error 
Invalid `prisma.siteSettings.findFirst()` invocation:


Can't reach database server at `localhost:5432`

Please make sure your database server is running at `localhost:5432`.
prisma:error 
Invalid `prisma.siteSettings.findFirst()` invocation:


Can't reach database server at `localhost:5432`

Please make sure your database server is running at `localhost:5432`.
prisma:error 
Invalid `prisma.siteSettings.findFirst()` invocation:


Can't reach database server at `localhost:5432`

Please make sure your database server is running at `localhost:5432`.
prisma:error 
Invalid `prisma.siteSettings.findFirst()` invocation:


Can't reach database server at `localhost:5432`

Please make sure your database server is running at `localhost:5432`.
prisma:error 
Invalid `prisma.siteSettings.findFirst()` invocation:


Can't reach database server at `localhost:5432`

Please make sure your database server is running at `localhost:5432`.
prisma:error 
Invalid `prisma.siteSettings.findFirst()` invocation:


Can't reach database server at `localhost:5432`

Please make sure your database server is running at `localhost:5432`.
prisma:error 
Invalid `prisma.siteSettings.findFirst()` invocation:


Can't reach database server at `localhost:5432`

Please make sure your database server is running at `localhost:5432`.
prisma:error 
Invalid `prisma.siteSettings.findFirst()` invocation:


Can't reach database server at `localhost:5432`

Please make sure your database server is running at `localhost:5432`.
prisma:error 
Invalid `prisma.siteSettings.findFirst()` invocation:


Can't reach database server at `localhost:5432`

Please make sure your database server is running at `localhost:5432`.
prisma:error 
Invalid `prisma.siteSettings.findFirst()` invocation:


Can't reach database server at `localhost:5432`

Please make sure your database server is running at `localhost:5432`.
prisma:error 
Invalid `prisma.siteSettings.findFirst()` invocation:


Can't reach database server at `localhost:5432`

Please make sure your database server is running at `localhost:5432`.
prisma:error 
Invalid `prisma.siteSettings.findFirst()` invocation:


Can't reach database server at `localhost:5432`

Please make sure your database server is running at `localhost:5432`.
prisma:error 
Invalid `prisma.siteSettings.findFirst()` invocation:


Can't reach database server at `localhost:5432`

Please make sure your database server is running at `localhost:5432`.
prisma:error 
Invalid `prisma.siteSettings.findFirst()` invocation:


Can't reach database server at `localhost:5432`

Please make sure your database server is running at `localhost:5432`.
prisma:error 
Invalid `prisma.siteSettings.findFirst()` invocation:


Can't reach database server at `localhost:5432`

Please make sure your database server is running at `localhost:5432`.
   Generating static pages (135/271) 
prisma:error 
Invalid `prisma.siteSettings.findFirst()` invocation:


Can't reach database server at `localhost:5432`

Please make sure your database server is running at `localhost:5432`.
prisma:error 
Invalid `prisma.siteSettings.findFirst()` invocation:


Can't reach database server at `localhost:5432`

Please make sure your database server is running at `localhost:5432`.
prisma:error 
Invalid `prisma.siteSettings.findFirst()` invocation:


Can't reach database server at `localhost:5432`

Please make sure your database server is running at `localhost:5432`.
prisma:error 
Invalid `prisma.project.findMany()` invocation:


Can't reach database server at `localhost:5432`

Please make sure your database server is running at `localhost:5432`.
prisma:error 
Invalid `prisma.project.count()` invocation:


Can't reach database server at `localhost:5432`

Please make sure your database server is running at `localhost:5432`.
prisma:error 
Invalid `prisma.project.count()` invocation:


Can't reach database server at `localhost:5432`

Please make sure your database server is running at `localhost:5432`.
prisma:error 
Invalid `prisma.castingCall.count()` invocation:


Can't reach database server at `localhost:5432`

Please make sure your database server is running at `localhost:5432`.
prisma:error 
Invalid `prisma.sponsor.findMany()` invocation:


Can't reach database server at `localhost:5432`

Please make sure your database server is running at `localhost:5432`.
prisma:error 
Invalid `prisma.siteSettings.findFirst()` invocation:


Can't reach database server at `localhost:5432`

Please make sure your database server is running at `localhost:5432`.
prisma:error 
Invalid `prisma.project.findMany()` invocation:


Can't reach database server at `localhost:5432`

Please make sure your database server is running at `localhost:5432`.
prisma:error 
Invalid `prisma.project.count()` invocation:


Can't reach database server at `localhost:5432`

Please make sure your database server is running at `localhost:5432`.
prisma:error 
Invalid `prisma.project.count()` invocation:


Can't reach database server at `localhost:5432`

Please make sure your database server is running at `localhost:5432`.
prisma:error 
Invalid `prisma.castingCall.count()` invocation:


Can't reach database server at `localhost:5432`

Please make sure your database server is running at `localhost:5432`.
prisma:error 
Invalid `prisma.sponsor.findMany()` invocation:


Can't reach database server at `localhost:5432`

Please make sure your database server is running at `localhost:5432`.
prisma:error 
Invalid `prisma.siteSettings.findFirst()` invocation:


Can't reach database server at `localhost:5432`

Please make sure your database server is running at `localhost:5432`.
prisma:error 
Invalid `prisma.project.findMany()` invocation:


Can't reach database server at `localhost:5432`

Please make sure your database server is running at `localhost:5432`.
prisma:error 
Invalid `prisma.project.count()` invocation:


Can't reach database server at `localhost:5432`

Please make sure your database server is running at `localhost:5432`.
prisma:error 
Invalid `prisma.project.count()` invocation:


Can't reach database server at `localhost:5432`

Please make sure your database server is running at `localhost:5432`.
prisma:error 
Invalid `prisma.castingCall.count()` invocation:


Can't reach database server at `localhost:5432`

Please make sure your database server is running at `localhost:5432`.
prisma:error 
Invalid `prisma.sponsor.findMany()` invocation:


Can't reach database server at `localhost:5432`

Please make sure your database server is running at `localhost:5432`.
prisma:error 
Invalid `prisma.siteSettings.findFirst()` invocation:


Can't reach database server at `localhost:5432`

Please make sure your database server is running at `localhost:5432`.
prisma:error 
Invalid `prisma.project.findMany()` invocation:


Can't reach database server at `localhost:5432`

Please make sure your database server is running at `localhost:5432`.
prisma:error 
Invalid `prisma.project.count()` invocation:


Can't reach database server at `localhost:5432`

Please make sure your database server is running at `localhost:5432`.
prisma:error 
Invalid `prisma.project.count()` invocation:


Can't reach database server at `localhost:5432`

Please make sure your database server is running at `localhost:5432`.
prisma:error 
Invalid `prisma.castingCall.count()` invocation:


Can't reach database server at `localhost:5432`

Please make sure your database server is running at `localhost:5432`.
prisma:error 
Invalid `prisma.sponsor.findMany()` invocation:


Can't reach database server at `localhost:5432`

Please make sure your database server is running at `localhost:5432`.
prisma:error 
Invalid `prisma.siteSettings.findFirst()` invocation:


Can't reach database server at `localhost:5432`

Please make sure your database server is running at `localhost:5432`.
prisma:error 
Invalid `prisma.project.findMany()` invocation:


Can't reach database server at `localhost:5432`

Please make sure your database server is running at `localhost:5432`.
prisma:error 
Invalid `prisma.project.count()` invocation:


Can't reach database server at `localhost:5432`

Please make sure your database server is running at `localhost:5432`.
prisma:error 
Invalid `prisma.project.count()` invocation:


Can't reach database server at `localhost:5432`

Please make sure your database server is running at `localhost:5432`.
prisma:error 
Invalid `prisma.castingCall.count()` invocation:


Can't reach database server at `localhost:5432`

Please make sure your database server is running at `localhost:5432`.
prisma:error 
Invalid `prisma.sponsor.findMany()` invocation:


Can't reach database server at `localhost:5432`

Please make sure your database server is running at `localhost:5432`.
prisma:error 
Invalid `prisma.siteSettings.findFirst()` invocation:


Can't reach database server at `localhost:5432`

Please make sure your database server is running at `localhost:5432`.
prisma:error 
Invalid `prisma.project.findMany()` invocation:


Can't reach database server at `localhost:5432`

Please make sure your database server is running at `localhost:5432`.
prisma:error 
Invalid `prisma.siteSettings.findFirst()` invocation:


Can't reach database server at `localhost:5432`

Please make sure your database server is running at `localhost:5432`.
prisma:error 
Invalid `prisma.project.findMany()` invocation:


Can't reach database server at `localhost:5432`

Please make sure your database server is running at `localhost:5432`.
prisma:error 
Invalid `prisma.siteSettings.findFirst()` invocation:


Can't reach database server at `localhost:5432`

Please make sure your database server is running at `localhost:5432`.
prisma:error 
Invalid `prisma.project.findMany()` invocation:


Can't reach database server at `localhost:5432`

Please make sure your database server is running at `localhost:5432`.
prisma:error 
Invalid `prisma.siteSettings.findFirst()` invocation:


Can't reach database server at `localhost:5432`

Please make sure your database server is running at `localhost:5432`.
prisma:error 
Invalid `prisma.project.findMany()` invocation:


Can't reach database server at `localhost:5432`

Please make sure your database server is running at `localhost:5432`.
prisma:error 
Invalid `prisma.siteSettings.findFirst()` invocation:


Can't reach database server at `localhost:5432`

Please make sure your database server is running at `localhost:5432`.
prisma:error 
Invalid `prisma.project.findMany()` invocation:


Can't reach database server at `localhost:5432`

Please make sure your database server is running at `localhost:5432`.
prisma:error 
Invalid `prisma.siteSettings.findFirst()` invocation:


Can't reach database server at `localhost:5432`

Please make sure your database server is running at `localhost:5432`.
prisma:error 
Invalid `prisma.project.findMany()` invocation:


Can't reach database server at `localhost:5432`

Please make sure your database server is running at `localhost:5432`.
prisma:error 
Invalid `prisma.siteSettings.findFirst()` invocation:


Can't reach database server at `localhost:5432`

Please make sure your database server is running at `localhost:5432`.
prisma:error 
Invalid `prisma.siteSettings.findFirst()` invocation:


Can't reach database server at `localhost:5432`

Please make sure your database server is running at `localhost:5432`.
prisma:error 
Invalid `prisma.project.findMany()` invocation:


Can't reach database server at `localhost:5432`

Please make sure your database server is running at `localhost:5432`.
prisma:error 
Invalid `prisma.siteSettings.findFirst()` invocation:


Can't reach database server at `localhost:5432`

Please make sure your database server is running at `localhost:5432`.
prisma:error 
Invalid `prisma.siteSettings.findFirst()` invocation:


Can't reach database server at `localhost:5432`

Please make sure your database server is running at `localhost:5432`.
prisma:error 
Invalid `prisma.project.findMany()` invocation:


Can't reach database server at `localhost:5432`

Please make sure your database server is running at `localhost:5432`.
prisma:error 
Invalid `prisma.siteSettings.findFirst()` invocation:


Can't reach database server at `localhost:5432`

Please make sure your database server is running at `localhost:5432`.
prisma:error 
Invalid `prisma.project.findMany()` invocation:


Can't reach database server at `localhost:5432`

Please make sure your database server is running at `localhost:5432`.
prisma:error 
Invalid `prisma.siteSettings.findFirst()` invocation:


Can't reach database server at `localhost:5432`

Please make sure your database server is running at `localhost:5432`.
prisma:error 
Invalid `prisma.project.findMany()` invocation:


Can't reach database server at `localhost:5432`

Please make sure your database server is running at `localhost:5432`.
prisma:error 
Invalid `prisma.siteSettings.findFirst()` invocation:


Can't reach database server at `localhost:5432`

Please make sure your database server is running at `localhost:5432`.
prisma:error 
Invalid `prisma.project.findMany()` invocation:


Can't reach database server at `localhost:5432`

Please make sure your database server is running at `localhost:5432`.
prisma:error 
Invalid `prisma.siteSettings.findFirst()` invocation:


Can't reach database server at `localhost:5432`

Please make sure your database server is running at `localhost:5432`.
prisma:error 
Invalid `prisma.project.findMany()` invocation:


Can't reach database server at `localhost:5432`

Please make sure your database server is running at `localhost:5432`.
prisma:error 
Invalid `prisma.siteSettings.findFirst()` invocation:


Can't reach database server at `localhost:5432`

Please make sure your database server is running at `localhost:5432`.
prisma:error 
Invalid `prisma.project.findMany()` invocation:


Can't reach database server at `localhost:5432`

Please make sure your database server is running at `localhost:5432`.
prisma:error 
Invalid `prisma.siteSettings.findFirst()` invocation:


Can't reach database server at `localhost:5432`

Please make sure your database server is running at `localhost:5432`.
prisma:error 
Invalid `prisma.project.findMany()` invocation:


Can't reach database server at `localhost:5432`

Please make sure your database server is running at `localhost:5432`.
prisma:error 
Invalid `prisma.siteSettings.findFirst()` invocation:


Can't reach database server at `localhost:5432`

Please make sure your database server is running at `localhost:5432`.
prisma:error 
Invalid `prisma.siteSettings.findFirst()` invocation:


Can't reach database server at `localhost:5432`

Please make sure your database server is running at `localhost:5432`.
prisma:error 
Invalid `prisma.siteSettings.findFirst()` invocation:


Can't reach database server at `localhost:5432`

Please make sure your database server is running at `localhost:5432`.
prisma:error 
Invalid `prisma.siteSettings.findFirst()` invocation:


Can't reach database server at `localhost:5432`

Please make sure your database server is running at `localhost:5432`.
prisma:error 
Invalid `prisma.siteSettings.findUnique()` invocation:


Can't reach database server at `localhost:5432`

Please make sure your database server is running at `localhost:5432`.
prisma:error 
Invalid `prisma.siteSettings.findUnique()` invocation:


Can't reach database server at `localhost:5432`

Please make sure your database server is running at `localhost:5432`.
prisma:error 
Invalid `prisma.siteSettings.findUnique()` invocation:


Can't reach database server at `localhost:5432`

Please make sure your database server is running at `localhost:5432`.
prisma:error 
Invalid `prisma.siteSettings.findFirst()` invocation:


Can't reach database server at `localhost:5432`

Please make sure your database server is running at `localhost:5432`.
prisma:error 
Invalid `prisma.siteSettings.findFirst()` invocation:


Can't reach database server at `localhost:5432`

Please make sure your database server is running at `localhost:5432`.
prisma:error 
Invalid `prisma.siteSettings.findFirst()` invocation:


Can't reach database server at `localhost:5432`

Please make sure your database server is running at `localhost:5432`.
prisma:error 
Invalid `prisma.siteSettings.findFirst()` invocation:


Can't reach database server at `localhost:5432`

Please make sure your database server is running at `localhost:5432`.
prisma:error 
Invalid `prisma.siteSettings.findFirst()` invocation:


Can't reach database server at `localhost:5432`

Please make sure your database server is running at `localhost:5432`.
prisma:error 
Invalid `prisma.siteSettings.findFirst()` invocation:


Can't reach database server at `localhost:5432`

Please make sure your database server is running at `localhost:5432`.
prisma:error 
Invalid `prisma.siteSettings.findFirst()` invocation:


Can't reach database server at `localhost:5432`

Please make sure your database server is running at `localhost:5432`.
prisma:error 
Invalid `prisma.siteSettings.findFirst()` invocation:


Can't reach database server at `localhost:5432`

Please make sure your database server is running at `localhost:5432`.
prisma:error 
Invalid `prisma.siteSettings.findFirst()` invocation:


Can't reach database server at `localhost:5432`

Please make sure your database server is running at `localhost:5432`.
prisma:error 
Invalid `prisma.siteSettings.findFirst()` invocation:


Can't reach database server at `localhost:5432`

Please make sure your database server is running at `localhost:5432`.
prisma:error 
Invalid `prisma.siteSettings.findFirst()` invocation:


Can't reach database server at `localhost:5432`

Please make sure your database server is running at `localhost:5432`.
prisma:error 
Invalid `prisma.siteSettings.findFirst()` invocation:


Can't reach database server at `localhost:5432`

Please make sure your database server is running at `localhost:5432`.
prisma:error 
Invalid `prisma.siteSettings.findFirst()` invocation:


Can't reach database server at `localhost:5432`

Please make sure your database server is running at `localhost:5432`.
prisma:error 
Invalid `prisma.siteSettings.findFirst()` invocation:


Can't reach database server at `localhost:5432`

Please make sure your database server is running at `localhost:5432`.
prisma:error 
Invalid `prisma.siteSettings.findFirst()` invocation:


Can't reach database server at `localhost:5432`

Please make sure your database server is running at `localhost:5432`.
prisma:error 
Invalid `prisma.siteSettings.findFirst()` invocation:


Can't reach database server at `localhost:5432`

Please make sure your database server is running at `localhost:5432`.
prisma:error 
Invalid `prisma.siteSettings.findFirst()` invocation:


Can't reach database server at `localhost:5432`

Please make sure your database server is running at `localhost:5432`.
prisma:error 
Invalid `prisma.siteSettings.findFirst()` invocation:


Can't reach database server at `localhost:5432`

Please make sure your database server is running at `localhost:5432`.
prisma:error 
Invalid `prisma.siteSettings.findFirst()` invocation:


Can't reach database server at `localhost:5432`

Please make sure your database server is running at `localhost:5432`.
prisma:error 
Invalid `prisma.siteSettings.findFirst()` invocation:


Can't reach database server at `localhost:5432`

Please make sure your database server is running at `localhost:5432`.
prisma:error 
Invalid `prisma.siteSettings.findFirst()` invocation:


Can't reach database server at `localhost:5432`

Please make sure your database server is running at `localhost:5432`.
prisma:error 
Invalid `prisma.siteSettings.findFirst()` invocation:


Can't reach database server at `localhost:5432`

Please make sure your database server is running at `localhost:5432`.
prisma:error 
Invalid `prisma.siteSettings.findFirst()` invocation:


Can't reach database server at `localhost:5432`

Please make sure your database server is running at `localhost:5432`.
prisma:error 
Invalid `prisma.siteSettings.findFirst()` invocation:


Can't reach database server at `localhost:5432`

Please make sure your database server is running at `localhost:5432`.
prisma:error 
Invalid `prisma.siteSettings.findFirst()` invocation:


Can't reach database server at `localhost:5432`

Please make sure your database server is running at `localhost:5432`.
prisma:error 
Invalid `prisma.siteSettings.findFirst()` invocation:


Can't reach database server at `localhost:5432`

Please make sure your database server is running at `localhost:5432`.
prisma:error 
Invalid `prisma.siteSettings.findFirst()` invocation:


Can't reach database server at `localhost:5432`

Please make sure your database server is running at `localhost:5432`.
prisma:error 
Invalid `prisma.siteSettings.findFirst()` invocation:


Can't reach database server at `localhost:5432`

Please make sure your database server is running at `localhost:5432`.
prisma:error 
Invalid `prisma.siteSettings.findFirst()` invocation:


Can't reach database server at `localhost:5432`

Please make sure your database server is running at `localhost:5432`.
prisma:error 
Invalid `prisma.siteSettings.findFirst()` invocation:


Can't reach database server at `localhost:5432`

Please make sure your database server is running at `localhost:5432`.
prisma:error 
Invalid `prisma.siteSettings.findFirst()` invocation:


Can't reach database server at `localhost:5432`

Please make sure your database server is running at `localhost:5432`.
prisma:error 
Invalid `prisma.siteSettings.findFirst()` invocation:


Can't reach database server at `localhost:5432`

Please make sure your database server is running at `localhost:5432`.
prisma:error 
Invalid `prisma.siteSettings.findFirst()` invocation:


Can't reach database server at `localhost:5432`

Please make sure your database server is running at `localhost:5432`.
prisma:error 
Invalid `prisma.siteSettings.findFirst()` invocation:


Can't reach database server at `localhost:5432`

Please make sure your database server is running at `localhost:5432`.
prisma:error 
Invalid `prisma.siteSettings.findFirst()` invocation:


Can't reach database server at `localhost:5432`

Please make sure your database server is running at `localhost:5432`.
prisma:error 
Invalid `prisma.siteSettings.findFirst()` invocation:


Can't reach database server at `localhost:5432`

Please make sure your database server is running at `localhost:5432`.
prisma:error 
Invalid `prisma.siteSettings.findFirst()` invocation:


Can't reach database server at `localhost:5432`

Please make sure your database server is running at `localhost:5432`.
prisma:error 
Invalid `prisma.siteSettings.findFirst()` invocation:


Can't reach database server at `localhost:5432`

Please make sure your database server is running at `localhost:5432`.
prisma:error 
Invalid `prisma.siteSettings.findFirst()` invocation:


Can't reach database server at `localhost:5432`

Please make sure your database server is running at `localhost:5432`.
prisma:error 
Invalid `prisma.siteSettings.findFirst()` invocation:


Can't reach database server at `localhost:5432`

Please make sure your database server is running at `localhost:5432`.
prisma:error 
Invalid `prisma.siteSettings.findFirst()` invocation:


Can't reach database server at `localhost:5432`

Please make sure your database server is running at `localhost:5432`.
prisma:error 
Invalid `prisma.siteSettings.findFirst()` invocation:


Can't reach database server at `localhost:5432`

Please make sure your database server is running at `localhost:5432`.
prisma:error 
Invalid `prisma.siteSettings.findFirst()` invocation:


Can't reach database server at `localhost:5432`

Please make sure your database server is running at `localhost:5432`.
prisma:error 
Invalid `prisma.siteSettings.findFirst()` invocation:


Can't reach database server at `localhost:5432`

Please make sure your database server is running at `localhost:5432`.
prisma:error 
Invalid `prisma.siteSettings.findFirst()` invocation:


Can't reach database server at `localhost:5432`

Please make sure your database server is running at `localhost:5432`.
prisma:error 
Invalid `prisma.siteSettings.findFirst()` invocation:


Can't reach database server at `localhost:5432`

Please make sure your database server is running at `localhost:5432`.
prisma:error 
Invalid `prisma.siteSettings.findFirst()` invocation:


Can't reach database server at `localhost:5432`

Please make sure your database server is running at `localhost:5432`.
prisma:error 
Invalid `prisma.siteSettings.findFirst()` invocation:


Can't reach database server at `localhost:5432`

Please make sure your database server is running at `localhost:5432`.
prisma:error 
Invalid `prisma.siteSettings.findFirst()` invocation:


Can't reach database server at `localhost:5432`

Please make sure your database server is running at `localhost:5432`.
prisma:error 
Invalid `prisma.siteSettings.findUnique()` invocation:


Can't reach database server at `localhost:5432`

Please make sure your database server is running at `localhost:5432`.
prisma:error 
Invalid `prisma.siteSettings.findUnique()` invocation:


Can't reach database server at `localhost:5432`

Please make sure your database server is running at `localhost:5432`.
prisma:error 
Invalid `prisma.siteSettings.findUnique()` invocation:


Can't reach database server at `localhost:5432`

Please make sure your database server is running at `localhost:5432`.
prisma:error 
Invalid `prisma.siteSettings.findUnique()` invocation:


Can't reach database server at `localhost:5432`

Please make sure your database server is running at `localhost:5432`.
prisma:error 
Invalid `prisma.siteSettings.findUnique()` invocation:


Can't reach database server at `localhost:5432`

Please make sure your database server is running at `localhost:5432`.
prisma:error 
Invalid `prisma.siteSettings.findUnique()` invocation:


Can't reach database server at `localhost:5432`

Please make sure your database server is running at `localhost:5432`.
prisma:error 
Invalid `prisma.siteSettings.findUnique()` invocation:


Can't reach database server at `localhost:5432`

Please make sure your database server is running at `localhost:5432`.
prisma:error 
Invalid `prisma.siteSettings.findUnique()` invocation:


Can't reach database server at `localhost:5432`

Please make sure your database server is running at `localhost:5432`.
prisma:error 
Invalid `prisma.siteSettings.findFirst()` invocation:


Can't reach database server at `localhost:5432`

Please make sure your database server is running at `localhost:5432`.
prisma:error 
Invalid `prisma.siteSettings.findFirst()` invocation:


Can't reach database server at `localhost:5432`

Please make sure your database server is running at `localhost:5432`.
prisma:error 
Invalid `prisma.siteSettings.findFirst()` invocation:


Can't reach database server at `localhost:5432`

Please make sure your database server is running at `localhost:5432`.
prisma:error 
Invalid `prisma.siteSettings.findFirst()` invocation:


Can't reach database server at `localhost:5432`

Please make sure your database server is running at `localhost:5432`.
prisma:error 
Invalid `prisma.siteSettings.findFirst()` invocation:


Can't reach database server at `localhost:5432`

Please make sure your database server is running at `localhost:5432`.
prisma:error 
Invalid `prisma.siteSettings.findFirst()` invocation:


Can't reach database server at `localhost:5432`

Please make sure your database server is running at `localhost:5432`.
prisma:error 
Invalid `prisma.siteSettings.findFirst()` invocation:


Can't reach database server at `localhost:5432`

Please make sure your database server is running at `localhost:5432`.
prisma:error 
Invalid `prisma.siteSettings.findFirst()` invocation:


Can't reach database server at `localhost:5432`

Please make sure your database server is running at `localhost:5432`.
prisma:error 
Invalid `prisma.project.findMany()` invocation:


Can't reach database server at `localhost:5432`

Please make sure your database server is running at `localhost:5432`.
prisma:error 
Invalid `prisma.siteSettings.findFirst()` invocation:


Can't reach database server at `localhost:5432`

Please make sure your database server is running at `localhost:5432`.
prisma:error 
Invalid `prisma.project.findMany()` invocation:


Can't reach database server at `localhost:5432`

Please make sure your database server is running at `localhost:5432`.
prisma:error 
Invalid `prisma.siteSettings.findFirst()` invocation:


Can't reach database server at `localhost:5432`

Please make sure your database server is running at `localhost:5432`.
prisma:error 
Invalid `prisma.project.findMany()` invocation:


Can't reach database server at `localhost:5432`

Please make sure your database server is running at `localhost:5432`.
prisma:error 
Invalid `prisma.siteSettings.findFirst()` invocation:


Can't reach database server at `localhost:5432`

Please make sure your database server is running at `localhost:5432`.
prisma:error 
Invalid `prisma.siteSettings.findFirst()` invocation:


Can't reach database server at `localhost:5432`

Please make sure your database server is running at `localhost:5432`.
prisma:error 
Invalid `prisma.siteSettings.findFirst()` invocation:


Can't reach database server at `localhost:5432`

Please make sure your database server is running at `localhost:5432`.
prisma:error 
Invalid `prisma.siteSettings.findFirst()` invocation:


Can't reach database server at `localhost:5432`

Please make sure your database server is running at `localhost:5432`.
prisma:error 
Invalid `prisma.project.findMany()` invocation:


Can't reach database server at `localhost:5432`

Please make sure your database server is running at `localhost:5432`.
prisma:error 
Invalid `prisma.siteSettings.findFirst()` invocation:


Can't reach database server at `localhost:5432`

Please make sure your database server is running at `localhost:5432`.
prisma:error 
Invalid `prisma.siteSettings.findFirst()` invocation:


Can't reach database server at `localhost:5432`

Please make sure your database server is running at `localhost:5432`.
   Generating static pages (203/271) 
prisma:error 
Invalid `prisma.siteSettings.findFirst()` invocation:


Can't reach database server at `localhost:5432`

Please make sure your database server is running at `localhost:5432`.
prisma:error 
Invalid `prisma.siteSettings.findFirst()` invocation:


Can't reach database server at `localhost:5432`

Please make sure your database server is running at `localhost:5432`.
prisma:error 
Invalid `prisma.siteSettings.findFirst()` invocation:


Can't reach database server at `localhost:5432`

Please make sure your database server is running at `localhost:5432`.
prisma:error 
Invalid `prisma.siteSettings.findFirst()` invocation:


Can't reach database server at `localhost:5432`

Please make sure your database server is running at `localhost:5432`.
prisma:error 
Invalid `prisma.siteSettings.findFirst()` invocation:


Can't reach database server at `localhost:5432`

Please make sure your database server is running at `localhost:5432`.
prisma:error 
Invalid `prisma.siteSettings.findFirst()` invocation:


Can't reach database server at `localhost:5432`

Please make sure your database server is running at `localhost:5432`.
prisma:error 
Invalid `prisma.siteSettings.findFirst()` invocation:


Can't reach database server at `localhost:5432`

Please make sure your database server is running at `localhost:5432`.
prisma:error 
Invalid `prisma.siteSettings.findFirst()` invocation:


Can't reach database server at `localhost:5432`

Please make sure your database server is running at `localhost:5432`.
prisma:error 
Invalid `prisma.siteSettings.findFirst()` invocation:


Can't reach database server at `localhost:5432`

Please make sure your database server is running at `localhost:5432`.
prisma:error 
Invalid `prisma.siteSettings.findFirst()` invocation:


Can't reach database server at `localhost:5432`

Please make sure your database server is running at `localhost:5432`.
prisma:error 
Invalid `prisma.siteSettings.findFirst()` invocation:


Can't reach database server at `localhost:5432`

Please make sure your database server is running at `localhost:5432`.
prisma:error 
Invalid `prisma.siteSettings.findFirst()` invocation:


Can't reach database server at `localhost:5432`

Please make sure your database server is running at `localhost:5432`.
prisma:error 
Invalid `prisma.siteSettings.findFirst()` invocation:


Can't reach database server at `localhost:5432`

Please make sure your database server is running at `localhost:5432`.
prisma:error 
Invalid `prisma.siteSettings.findFirst()` invocation:


Can't reach database server at `localhost:5432`

Please make sure your database server is running at `localhost:5432`.
prisma:error 
Invalid `prisma.siteSettings.findFirst()` invocation:


Can't reach database server at `localhost:5432`

Please make sure your database server is running at `localhost:5432`.
prisma:error 
Invalid `prisma.siteSettings.findFirst()` invocation:


Can't reach database server at `localhost:5432`

Please make sure your database server is running at `localhost:5432`.
prisma:error 
Invalid `prisma.siteSettings.findFirst()` invocation:


Can't reach database server at `localhost:5432`

Please make sure your database server is running at `localhost:5432`.
prisma:error 
Invalid `prisma.siteSettings.findFirst()` invocation:


Can't reach database server at `localhost:5432`

Please make sure your database server is running at `localhost:5432`.
prisma:error 
Invalid `prisma.siteSettings.findFirst()` invocation:


Can't reach database server at `localhost:5432`

Please make sure your database server is running at `localhost:5432`.
prisma:error 
Invalid `prisma.project.findMany()` invocation:


Can't reach database server at `localhost:5432`

Please make sure your database server is running at `localhost:5432`.
prisma:error 
Invalid `prisma.project.count()` invocation:


Can't reach database server at `localhost:5432`

Please make sure your database server is running at `localhost:5432`.
prisma:error 
Invalid `prisma.project.count()` invocation:


Can't reach database server at `localhost:5432`

Please make sure your database server is running at `localhost:5432`.
prisma:error 
Invalid `prisma.castingCall.count()` invocation:


Can't reach database server at `localhost:5432`

Please make sure your database server is running at `localhost:5432`.
prisma:error 
Invalid `prisma.sponsor.findMany()` invocation:


Can't reach database server at `localhost:5432`

Please make sure your database server is running at `localhost:5432`.
prisma:error 
Invalid `prisma.project.findMany()` invocation:


Can't reach database server at `localhost:5432`

Please make sure your database server is running at `localhost:5432`.
prisma:error 
Invalid `prisma.project.count()` invocation:


Can't reach database server at `localhost:5432`

Please make sure your database server is running at `localhost:5432`.
prisma:error 
Invalid `prisma.project.count()` invocation:


Can't reach database server at `localhost:5432`

Please make sure your database server is running at `localhost:5432`.
prisma:error 
Invalid `prisma.castingCall.count()` invocation:


Can't reach database server at `localhost:5432`

Please make sure your database server is running at `localhost:5432`.
prisma:error 
Invalid `prisma.sponsor.findMany()` invocation:


Can't reach database server at `localhost:5432`

Please make sure your database server is running at `localhost:5432`.
prisma:error 
Invalid `prisma.project.findMany()` invocation:


Can't reach database server at `localhost:5432`

Please make sure your database server is running at `localhost:5432`.
prisma:error 
Invalid `prisma.project.count()` invocation:


Can't reach database server at `localhost:5432`

Please make sure your database server is running at `localhost:5432`.
prisma:error 
Invalid `prisma.project.count()` invocation:


Can't reach database server at `localhost:5432`

Please make sure your database server is running at `localhost:5432`.
prisma:error 
Invalid `prisma.castingCall.count()` invocation:


Can't reach database server at `localhost:5432`

Please make sure your database server is running at `localhost:5432`.
prisma:error 
Invalid `prisma.sponsor.findMany()` invocation:


Can't reach database server at `localhost:5432`

Please make sure your database server is running at `localhost:5432`.
prisma:error 
Invalid `prisma.project.findMany()` invocation:


Can't reach database server at `localhost:5432`

Please make sure your database server is running at `localhost:5432`.
prisma:error 
Invalid `prisma.project.count()` invocation:


Can't reach database server at `localhost:5432`

Please make sure your database server is running at `localhost:5432`.
prisma:error 
Invalid `prisma.project.count()` invocation:


Can't reach database server at `localhost:5432`

Please make sure your database server is running at `localhost:5432`.
prisma:error 
Invalid `prisma.castingCall.count()` invocation:


Can't reach database server at `localhost:5432`

Please make sure your database server is running at `localhost:5432`.
prisma:error 
Invalid `prisma.sponsor.findMany()` invocation:


Can't reach database server at `localhost:5432`

Please make sure your database server is running at `localhost:5432`.
prisma:error 
Invalid `prisma.project.findMany()` invocation:


Can't reach database server at `localhost:5432`

Please make sure your database server is running at `localhost:5432`.
prisma:error 
Invalid `prisma.project.count()` invocation:


Can't reach database server at `localhost:5432`

Please make sure your database server is running at `localhost:5432`.
prisma:error 
Invalid `prisma.project.count()` invocation:


Can't reach database server at `localhost:5432`

Please make sure your database server is running at `localhost:5432`.
prisma:error 
Invalid `prisma.castingCall.count()` invocation:


Can't reach database server at `localhost:5432`

Please make sure your database server is running at `localhost:5432`.
prisma:error 
Invalid `prisma.sponsor.findMany()` invocation:


Can't reach database server at `localhost:5432`

Please make sure your database server is running at `localhost:5432`.
prisma:error 
Invalid `prisma.siteSettings.findFirst()` invocation:


Can't reach database server at `localhost:5432`

Please make sure your database server is running at `localhost:5432`.
prisma:error 
Invalid `prisma.siteSettings.findFirst()` invocation:


Can't reach database server at `localhost:5432`

Please make sure your database server is running at `localhost:5432`.
prisma:error 
Invalid `prisma.siteSettings.findFirst()` invocation:


Can't reach database server at `localhost:5432`

Please make sure your database server is running at `localhost:5432`.
prisma:error 
Invalid `prisma.siteSettings.findFirst()` invocation:


Can't reach database server at `localhost:5432`

Please make sure your database server is running at `localhost:5432`.
prisma:error 
Invalid `prisma.siteSettings.findFirst()` invocation:


Can't reach database server at `localhost:5432`

Please make sure your database server is running at `localhost:5432`.
prisma:error 
Invalid `prisma.siteSettings.findFirst()` invocation:


Can't reach database server at `localhost:5432`

Please make sure your database server is running at `localhost:5432`.
prisma:error 
Invalid `prisma.project.findMany()` invocation:


Can't reach database server at `localhost:5432`

Please make sure your database server is running at `localhost:5432`.
prisma:error 
Invalid `prisma.project.count()` invocation:


Can't reach database server at `localhost:5432`

Please make sure your database server is running at `localhost:5432`.
prisma:error 
Invalid `prisma.project.count()` invocation:


Can't reach database server at `localhost:5432`

Please make sure your database server is running at `localhost:5432`.
prisma:error 
Invalid `prisma.castingCall.count()` invocation:


Can't reach database server at `localhost:5432`

Please make sure your database server is running at `localhost:5432`.
prisma:error 
Invalid `prisma.sponsor.findMany()` invocation:


Can't reach database server at `localhost:5432`

Please make sure your database server is running at `localhost:5432`.
prisma:error 
Invalid `prisma.siteSettings.findFirst()` invocation:


Can't reach database server at `localhost:5432`

Please make sure your database server is running at `localhost:5432`.
prisma:error 
Invalid `prisma.project.findMany()` invocation:


Can't reach database server at `localhost:5432`

Please make sure your database server is running at `localhost:5432`.
prisma:error 
Invalid `prisma.project.count()` invocation:


Can't reach database server at `localhost:5432`

Please make sure your database server is running at `localhost:5432`.
prisma:error 
Invalid `prisma.project.count()` invocation:


Can't reach database server at `localhost:5432`

Please make sure your database server is running at `localhost:5432`.
prisma:error 
Invalid `prisma.castingCall.count()` invocation:


Can't reach database server at `localhost:5432`

Please make sure your database server is running at `localhost:5432`.
prisma:error 
Invalid `prisma.sponsor.findMany()` invocation:


Can't reach database server at `localhost:5432`

Please make sure your database server is running at `localhost:5432`.
prisma:error 
Invalid `prisma.siteSettings.findFirst()` invocation:


Can't reach database server at `localhost:5432`

Please make sure your database server is running at `localhost:5432`.
prisma:error 
Invalid `prisma.project.findMany()` invocation:


Can't reach database server at `localhost:5432`

Please make sure your database server is running at `localhost:5432`.
prisma:error 
Invalid `prisma.project.count()` invocation:


Can't reach database server at `localhost:5432`

Please make sure your database server is running at `localhost:5432`.
prisma:error 
Invalid `prisma.project.count()` invocation:


Can't reach database server at `localhost:5432`

Please make sure your database server is running at `localhost:5432`.
prisma:error 
Invalid `prisma.castingCall.count()` invocation:


Can't reach database server at `localhost:5432`

Please make sure your database server is running at `localhost:5432`.
prisma:error 
Invalid `prisma.sponsor.findMany()` invocation:


Can't reach database server at `localhost:5432`

Please make sure your database server is running at `localhost:5432`.
prisma:error 
Invalid `prisma.siteSettings.findFirst()` invocation:


Can't reach database server at `localhost:5432`

Please make sure your database server is running at `localhost:5432`.
prisma:error 
Invalid `prisma.project.findMany()` invocation:


Can't reach database server at `localhost:5432`

Please make sure your database server is running at `localhost:5432`.
prisma:error 
Invalid `prisma.project.count()` invocation:


Can't reach database server at `localhost:5432`

Please make sure your database server is running at `localhost:5432`.
prisma:error 
Invalid `prisma.project.count()` invocation:


Can't reach database server at `localhost:5432`

Please make sure your database server is running at `localhost:5432`.
prisma:error 
Invalid `prisma.castingCall.count()` invocation:


Can't reach database server at `localhost:5432`

Please make sure your database server is running at `localhost:5432`.
prisma:error 
Invalid `prisma.sponsor.findMany()` invocation:


Can't reach database server at `localhost:5432`

Please make sure your database server is running at `localhost:5432`.
prisma:error 
Invalid `prisma.siteSettings.findFirst()` invocation:


Can't reach database server at `localhost:5432`

Please make sure your database server is running at `localhost:5432`.
prisma:error 
Invalid `prisma.siteSettings.findFirst()` invocation:


Can't reach database server at `localhost:5432`

Please make sure your database server is running at `localhost:5432`.
prisma:error 
Invalid `prisma.project.findMany()` invocation:


Can't reach database server at `localhost:5432`

Please make sure your database server is running at `localhost:5432`.
prisma:error 
Invalid `prisma.project.count()` invocation:


Can't reach database server at `localhost:5432`

Please make sure your database server is running at `localhost:5432`.
prisma:error 
Invalid `prisma.project.count()` invocation:


Can't reach database server at `localhost:5432`

Please make sure your database server is running at `localhost:5432`.
prisma:error 
Invalid `prisma.castingCall.count()` invocation:


Can't reach database server at `localhost:5432`

Please make sure your database server is running at `localhost:5432`.
prisma:error 
Invalid `prisma.sponsor.findMany()` invocation:


Can't reach database server at `localhost:5432`

Please make sure your database server is running at `localhost:5432`.
prisma:error 
Invalid `prisma.siteSettings.findFirst()` invocation:


Can't reach database server at `localhost:5432`

Please make sure your database server is running at `localhost:5432`.
prisma:error 
Invalid `prisma.siteSettings.findFirst()` invocation:


Can't reach database server at `localhost:5432`

Please make sure your database server is running at `localhost:5432`.
prisma:error 
Invalid `prisma.project.findMany()` invocation:


Can't reach database server at `localhost:5432`

Please make sure your database server is running at `localhost:5432`.
prisma:error 
Invalid `prisma.project.count()` invocation:


Can't reach database server at `localhost:5432`

Please make sure your database server is running at `localhost:5432`.
prisma:error 
Invalid `prisma.project.count()` invocation:


Can't reach database server at `localhost:5432`

Please make sure your database server is running at `localhost:5432`.
prisma:error 
Invalid `prisma.castingCall.count()` invocation:


Can't reach database server at `localhost:5432`

Please make sure your database server is running at `localhost:5432`.
prisma:error 
Invalid `prisma.sponsor.findMany()` invocation:


Can't reach database server at `localhost:5432`

Please make sure your database server is running at `localhost:5432`.
prisma:error 
Invalid `prisma.siteSettings.findFirst()` invocation:


Can't reach database server at `localhost:5432`

Please make sure your database server is running at `localhost:5432`.
prisma:error 
Invalid `prisma.project.findMany()` invocation:


Can't reach database server at `localhost:5432`

Please make sure your database server is running at `localhost:5432`.
prisma:error 
Invalid `prisma.project.count()` invocation:


Can't reach database server at `localhost:5432`

Please make sure your database server is running at `localhost:5432`.
prisma:error 
Invalid `prisma.project.count()` invocation:


Can't reach database server at `localhost:5432`

Please make sure your database server is running at `localhost:5432`.
prisma:error 
Invalid `prisma.castingCall.count()` invocation:


Can't reach database server at `localhost:5432`

Please make sure your database server is running at `localhost:5432`.
prisma:error 
Invalid `prisma.sponsor.findMany()` invocation:


Can't reach database server at `localhost:5432`

Please make sure your database server is running at `localhost:5432`.
prisma:error 
Invalid `prisma.project.findMany()` invocation:


Can't reach database server at `localhost:5432`

Please make sure your database server is running at `localhost:5432`.
prisma:error 
Invalid `prisma.project.count()` invocation:


Can't reach database server at `localhost:5432`

Please make sure your database server is running at `localhost:5432`.
prisma:error 
Invalid `prisma.project.count()` invocation:


Can't reach database server at `localhost:5432`

Please make sure your database server is running at `localhost:5432`.
prisma:error 
Invalid `prisma.castingCall.count()` invocation:


Can't reach database server at `localhost:5432`

Please make sure your database server is running at `localhost:5432`.
prisma:error 
Invalid `prisma.sponsor.findMany()` invocation:


Can't reach database server at `localhost:5432`

Please make sure your database server is running at `localhost:5432`.
prisma:error 
Invalid `prisma.project.findMany()` invocation:


Can't reach database server at `localhost:5432`

Please make sure your database server is running at `localhost:5432`.
prisma:error 
Invalid `prisma.project.count()` invocation:


Can't reach database server at `localhost:5432`

Please make sure your database server is running at `localhost:5432`.
prisma:error 
Invalid `prisma.project.count()` invocation:


Can't reach database server at `localhost:5432`

Please make sure your database server is running at `localhost:5432`.
prisma:error 
Invalid `prisma.castingCall.count()` invocation:


Can't reach database server at `localhost:5432`

Please make sure your database server is running at `localhost:5432`.
prisma:error 
Invalid `prisma.sponsor.findMany()` invocation:


Can't reach database server at `localhost:5432`

Please make sure your database server is running at `localhost:5432`.
prisma:error 
Invalid `prisma.project.findMany()` invocation:


Can't reach database server at `localhost:5432`

Please make sure your database server is running at `localhost:5432`.
prisma:error 
Invalid `prisma.project.count()` invocation:


Can't reach database server at `localhost:5432`

Please make sure your database server is running at `localhost:5432`.
prisma:error 
Invalid `prisma.project.count()` invocation:


Can't reach database server at `localhost:5432`

Please make sure your database server is running at `localhost:5432`.
prisma:error 
Invalid `prisma.castingCall.count()` invocation:


Can't reach database server at `localhost:5432`

Please make sure your database server is running at `localhost:5432`.
prisma:error 
Invalid `prisma.sponsor.findMany()` invocation:


Can't reach database server at `localhost:5432`

Please make sure your database server is running at `localhost:5432`.
prisma:error 
Invalid `prisma.project.findMany()` invocation:


Can't reach database server at `localhost:5432`

Please make sure your database server is running at `localhost:5432`.
prisma:error 
Invalid `prisma.project.count()` invocation:


Can't reach database server at `localhost:5432`

Please make sure your database server is running at `localhost:5432`.
prisma:error 
Invalid `prisma.project.count()` invocation:


Can't reach database server at `localhost:5432`

Please make sure your database server is running at `localhost:5432`.
prisma:error 
Invalid `prisma.castingCall.count()` invocation:


Can't reach database server at `localhost:5432`

Please make sure your database server is running at `localhost:5432`.
prisma:error 
Invalid `prisma.sponsor.findMany()` invocation:


Can't reach database server at `localhost:5432`

Please make sure your database server is running at `localhost:5432`.
prisma:error 
Invalid `prisma.project.findMany()` invocation:


Can't reach database server at `localhost:5432`

Please make sure your database server is running at `localhost:5432`.
prisma:error 
Invalid `prisma.project.count()` invocation:


Can't reach database server at `localhost:5432`

Please make sure your database server is running at `localhost:5432`.
prisma:error 
Invalid `prisma.project.count()` invocation:


Can't reach database server at `localhost:5432`

Please make sure your database server is running at `localhost:5432`.
prisma:error 
Invalid `prisma.castingCall.count()` invocation:


Can't reach database server at `localhost:5432`

Please make sure your database server is running at `localhost:5432`.
prisma:error 
Invalid `prisma.sponsor.findMany()` invocation:


Can't reach database server at `localhost:5432`

Please make sure your database server is running at `localhost:5432`.
prisma:error 
Invalid `prisma.siteSettings.findFirst()` invocation:


Can't reach database server at `localhost:5432`

Please make sure your database server is running at `localhost:5432`.
 Γ£ô Generating static pages (271/271)
   Finalizing page optimization ...
   Collecting build traces ...

Route (app)                                        Size  First Load JS
Γöî Γùï /_not-found                                   587 B         104 kB
Γö£ ΓùÅ /[locale]                                    5.5 kB         129 kB
Γö£   Γö£ /en
Γö£   Γö£ /es
Γö£   Γö£ /fr
Γö£   Γöö [+8 more paths]
Γö£ ΓùÅ /[locale]/about                             3.74 kB         123 kB
Γö£   Γö£ /en/about
Γö£   Γö£ /es/about
Γö£   Γö£ /fr/about
Γö£   Γöö [+8 more paths]
Γö£ ΓùÅ /[locale]/casting                           5.66 kB         129 kB
Γö£   Γö£ /en/casting
Γö£   Γö£ /es/casting
Γö£   Γö£ /fr/casting
Γö£   Γöö [+8 more paths]
Γö£ ╞Æ /[locale]/casting/[id]/apply                11.8 kB         134 kB
Γö£ ΓùÅ /[locale]/contact                              4 kB         123 kB
Γö£   Γö£ /en/contact
Γö£   Γö£ /es/contact
Γö£   Γö£ /fr/contact
Γö£   Γöö [+8 more paths]
Γö£ ΓùÅ /[locale]/dashboard                         20.6 kB         143 kB
Γö£   Γö£ /en/dashboard
Γö£   Γö£ /es/dashboard
Γö£   Γö£ /fr/dashboard
Γö£   Γöö [+8 more paths]
Γö£ ΓùÅ /[locale]/donate                            6.83 kB         126 kB
Γö£   Γö£ /en/donate
Γö£   Γö£ /es/donate
Γö£   Γö£ /fr/donate
Γö£   Γöö [+8 more paths]
Γö£ ΓùÅ /[locale]/forgot-password                   6.95 kB         130 kB
Γö£   Γö£ /en/forgot-password
Γö£   Γö£ /es/forgot-password
Γö£   Γö£ /fr/forgot-password
Γö£   Γöö [+8 more paths]
Γö£ ΓùÅ /[locale]/login                             6.32 kB         129 kB
Γö£   Γö£ /en/login
Γö£   Γö£ /es/login
Γö£   Γö£ /fr/login
Γö£   Γöö [+8 more paths]
Γö£ ΓùÅ /[locale]/offline                             338 B         107 kB
Γö£   Γö£ /en/offline
Γö£   Γö£ /es/offline
Γö£   Γö£ /fr/offline
Γö£   Γöö [+8 more paths]
Γö£ ΓùÅ /[locale]/register                          5.35 kB         128 kB
Γö£   Γö£ /en/register
Γö£   Γö£ /es/register
Γö£   Γö£ /fr/register
Γö£   Γöö [+8 more paths]
Γö£ ΓùÅ /[locale]/scripts                           2.99 kB         126 kB
Γö£   Γö£ /en/scripts
Γö£   Γö£ /es/scripts
Γö£   Γö£ /fr/scripts
Γö£   Γöö [+8 more paths]
Γö£ ╞Æ /[locale]/scripts/[id]                      3.66 kB         123 kB
Γö£ ΓùÅ /[locale]/sponsors                          4.94 kB         128 kB
Γö£   Γö£ /en/sponsors
Γö£   Γö£ /es/sponsors
Γö£   Γö£ /fr/sponsors
Γö£   Γöö [+8 more paths]
Γö£ ΓùÅ /[locale]/subscribe                         3.98 kB         123 kB
Γö£   Γö£ /en/subscribe
Γö£   Γö£ /es/subscribe
Γö£   Γö£ /fr/subscribe
Γö£   Γöö [+8 more paths]
Γö£ ΓùÅ /[locale]/training                          6.63 kB         126 kB
Γö£   Γö£ /en/training
Γö£   Γö£ /es/training
Γö£   Γö£ /fr/training
Γö£   Γöö [+8 more paths]
Γö£ ╞Æ /[locale]/training/[slug]                   12.5 kB         132 kB
Γö£ ΓùÅ /[locale]/upcoming                          7.03 kB         126 kB
Γö£   Γö£ /en/upcoming
Γö£   Γö£ /es/upcoming
Γö£   Γö£ /fr/upcoming
Γö£   Γöö [+8 more paths]
Γö£ ΓùÅ /[locale]/verify-email                      5.26 kB         128 kB
Γö£   Γö£ /en/verify-email
Γö£   Γö£ /es/verify-email
Γö£   Γö£ /fr/verify-email
Γö£   Γöö [+8 more paths]
Γö£ ΓùÅ /[locale]/works                             3.61 kB         127 kB
Γö£   Γö£ /en/works
Γö£   Γö£ /es/works
Γö£   Γö£ /fr/works
Γö£   Γöö [+8 more paths]
Γö£ ╞Æ /[locale]/works/[slug]                      6.15 kB         126 kB
Γö£ ╞Æ /[locale]/works/[slug]/watch                6.81 kB         126 kB
Γö£ ╞Æ /admin                                        587 B         104 kB
Γö£ ╞Æ /admin/analytics                            16.1 kB         123 kB
Γö£ ╞Æ /admin/applications                         5.55 kB         113 kB
Γö£ ╞Æ /admin/applications/[id]                    8.76 kB         116 kB
Γö£ ╞Æ /admin/casting                              5.24 kB         112 kB
Γö£ ╞Æ /admin/donations                            2.87 kB         110 kB
Γö£ ╞Æ /admin/login                                  699 B         104 kB
Γö£ ╞Æ /admin/media                                6.36 kB         113 kB
Γö£ ╞Æ /admin/projects                             10.7 kB         118 kB
Γö£ ╞Æ /admin/scripts                              4.29 kB         111 kB
Γö£ ╞Æ /admin/scripts/[id]                         3.24 kB         107 kB
Γö£ ╞Æ /admin/settings                               18 kB         125 kB
Γö£ ╞Æ /admin/sponsors                             6.44 kB         113 kB
Γö£ ╞Æ /admin/training                             3.35 kB         110 kB
Γö£ ╞Æ /admin/training/[id]/edit                   13.2 kB         120 kB
Γö£ ╞Æ /admin/users                                4.73 kB         112 kB
Γö£ ╞Æ /admin/videos                                 678 B         104 kB
Γö£ ╞Æ /api/admin/analytics                          588 B         104 kB
Γö£ ╞Æ /api/admin/analytics/chat                     586 B         104 kB
Γö£ ╞Æ /api/admin/analytics/dashboard                586 B         104 kB
Γö£ ╞Æ /api/admin/analytics/tts                      585 B         104 kB
Γö£ ╞Æ /api/admin/analytics/voices                   586 B         104 kB
Γö£ ╞Æ /api/admin/api-keys                           586 B         104 kB
Γö£ ╞Æ /api/admin/applications                       586 B         104 kB
Γö£ ╞Æ /api/admin/applications/[id]/audit            585 B         104 kB
Γö£ ╞Æ /api/admin/applications/[id]/notifications    587 B         104 kB
Γö£ ╞Æ /api/admin/applications/[id]/status           585 B         104 kB
Γö£ ╞Æ /api/admin/applications/batch-audit           585 B         104 kB
Γö£ ╞Æ /api/admin/applications/bulk-delete           587 B         104 kB
Γö£ ╞Æ /api/admin/applications/bulk-status           583 B         104 kB
Γö£ ╞Æ /api/admin/applications/download              585 B         104 kB
Γö£ ╞Æ /api/admin/auth                               586 B         104 kB
Γö£ ╞Æ /api/admin/casting                            585 B         104 kB
Γö£ ╞Æ /api/admin/casting/[id]                       586 B         104 kB
Γö£ ╞Æ /api/admin/donations                          586 B         104 kB
Γö£ ╞Æ /api/admin/email-preview                      586 B         104 kB
Γö£ ╞Æ /api/admin/email-templates                    586 B         104 kB
Γö£ ╞Æ /api/admin/errors                             589 B         104 kB
Γö£ ╞Æ /api/admin/manage                             587 B         104 kB
Γö£ ╞Æ /api/admin/media                              585 B         104 kB
Γö£ ╞Æ /api/admin/media/seed                         586 B         104 kB
Γö£ ╞Æ /api/admin/projects                           587 B         104 kB
Γö£ ╞Æ /api/admin/projects/[id]                      585 B         104 kB
Γö£ ╞Æ /api/admin/settings                           586 B         104 kB
Γö£ ╞Æ /api/admin/sponsors                           588 B         104 kB
Γö£ ╞Æ /api/admin/sponsors/[id]                      589 B         104 kB
Γö£ ╞Æ /api/admin/sponsors/toggle-page               586 B         104 kB
Γö£ ╞Æ /api/admin/subtitles                          588 B         104 kB
Γö£ ╞Æ /api/admin/test-email                         586 B         104 kB
Γö£ ╞Æ /api/admin/toggles                            587 B         104 kB
Γö£ ╞Æ /api/admin/training                           586 B         104 kB
Γö£ ╞Æ /api/admin/training/[id]                      585 B         104 kB
Γö£ ╞Æ /api/admin/training/[id]/analytics            586 B         104 kB
Γö£ ╞Æ /api/admin/training/[id]/generate             586 B         104 kB
Γö£ ╞Æ /api/admin/training/[id]/materials            583 B         104 kB
Γö£ ╞Æ /api/admin/training/[id]/translate            585 B         104 kB
Γö£ ╞Æ /api/admin/training/transcript                588 B         104 kB
Γö£ ╞Æ /api/admin/upload                             585 B         104 kB
Γö£ ╞Æ /api/admin/users                              585 B         104 kB
Γö£ ╞Æ /api/admin/videos                             587 B         104 kB
Γö£ ╞Æ /api/analytics/track                          585 B         104 kB
Γö£ ╞Æ /api/auth/apple                               586 B         104 kB
Γö£ ╞Æ /api/auth/apple/callback                      585 B         104 kB
Γö£ ╞Æ /api/auth/banner                              586 B         104 kB
Γö£ ╞Æ /api/auth/forgot-password                     586 B         104 kB
Γö£ ╞Æ /api/auth/google                              586 B         104 kB
Γö£ ╞Æ /api/auth/google/callback                     587 B         104 kB
Γö£ ╞Æ /api/auth/login                               584 B         104 kB
Γö£ ╞Æ /api/auth/logout                              586 B         104 kB
Γö£ ╞Æ /api/auth/me                                  587 B         104 kB
Γö£ ╞Æ /api/auth/profile                             586 B         104 kB
Γö£ ╞Æ /api/auth/providers                           587 B         104 kB
Γö£ ╞Æ /api/auth/refresh                             585 B         104 kB
Γö£ ╞Æ /api/auth/register                            586 B         104 kB
Γö£ ╞Æ /api/auth/verify-email                        588 B         104 kB
Γö£ ╞Æ /api/casting/[id]/apply                       587 B         104 kB
Γö£ ╞Æ /api/casting/[id]/withdraw                    590 B         104 kB
Γö£ ╞Æ /api/contact                                  586 B         104 kB
Γö£ ╞Æ /api/dashboard/applications                   586 B         104 kB
Γö£ ╞Æ /api/dashboard/donations                      586 B         104 kB
Γö£ ╞Æ /api/dashboard/history                        589 B         104 kB
Γö£ ╞Æ /api/dashboard/watchlist                      587 B         104 kB
Γö£ ╞Æ /api/donate                                   587 B         104 kB
Γö£ ╞Æ /api/donate/capture-order                     587 B         104 kB
Γö£ ╞Æ /api/donate/create-order                      586 B         104 kB
Γö£ ╞Æ /api/health                                   585 B         104 kB
Γö£ ╞Æ /api/log-error                                587 B         104 kB
Γö£ ╞Æ /api/page-media                               590 B         104 kB
Γö£ ╞Æ /api/script-calls                             586 B         104 kB
Γö£ ╞Æ /api/script-calls/[id]                        585 B         104 kB
Γö£ ╞Æ /api/script-calls/[id]/analyze                587 B         104 kB
Γö£ ╞Æ /api/script-calls/[id]/submissions            584 B         104 kB
Γö£ ╞Æ /api/script-calls/[id]/submissions/[subId]    586 B         104 kB
Γö£ ╞Æ /api/script-calls/[id]/submit                 587 B         104 kB
Γö£ ╞Æ /api/search                                   584 B         104 kB
Γö£ ╞Æ /api/seed                                     586 B         104 kB
Γö£ ╞Æ /api/seed-videos                              585 B         104 kB
Γö£ ╞Æ /api/site-settings                            587 B         104 kB
Γö£ ╞Æ /api/sponsors                                 585 B         104 kB
Γö£ ╞Æ /api/subscribe                                588 B         104 kB
Γö£ ╞Æ /api/subtitles/[projectId]                    589 B         104 kB
Γö£ ╞Æ /api/test-db                                  587 B         104 kB
Γö£ ╞Æ /api/training                                 585 B         104 kB
Γö£ ╞Æ /api/training/[id]/progress                   586 B         104 kB
Γö£ ╞Æ /api/training/[id]/quiz                       589 B         104 kB
Γö£ ╞Æ /api/training/[id]/review                     585 B         104 kB
Γö£ ╞Æ /api/training/transcript                      584 B         104 kB
Γöö ╞Æ /api/watchlist                                589 B         104 kB
+ First Load JS shared by all                    103 kB
  Γö£ chunks/1255-076674b85dd2b7cd.js             46.5 kB
  Γö£ chunks/4bd1b696-a1baf9fdcb07a100.js         54.4 kB
  Γöö other shared chunks (total)                 2.53 kB


╞Æ Middleware                                    92.9 kB

Γùï  (Static)   prerendered as static content
ΓùÅ  (SSG)      prerendered as static HTML (uses generateStaticParams)
╞Æ  (Dynamic)  server-rendered on demand

